Java
JavaScript
C#
Visual Basic
C++
TeX
Shell de UNIX
C
XPath
Agda
Extensible Stylesheet Language Transformations
Haskell
Plankalkül
Go
PL/SL
Perl
BASICA
SL
Clojure
Cyclone
Mathematica
C--
Pascal
Fortran
Ceylon
COBOL
ajax
Maple
Blitz BASIC
Ada
Prolog
FlagShip
CLIPS
lenguaje ensamblador
Lenguaje Unificado de Modelado
Zebra
IBM Personal Computer BASIC
UCSD Pascal
XUpdate
ASP.NET
Scheme
ALGOL
Objective-C
FreeBASIC
C++/CX
Logo
Korn Shell
Karel el Robot
Mercury
R
Simula
Ocaml
PostScript
Zonnon
PL/
GNU Octave
ActionScript
Smalltalk
DOS
Standard ML of New Jersey
Brainfuck
XAML
Newsueak
AS/ Control Language
Common Intermediate Language
MSX BASIC
Scratch
Forth
A+
Sistema A-
DarkBASIC
CHICKEN
Incr Tcl
Haxe
Altair BASIC
NesC
XACML
ACUCOBOL
m
AHDL
AMOS
AMPL
ARLA
ASIC
Lenguaje ensamblador x
mIRC scripting language
Make
Bc
dBase
Sed
D
Erlang
Commodore BASIC
CORC
Action!
Active Oberon
Active Server Pages
adenine
chef
XL
Pharo
SolidThinking Embed
Kent Recursive Calculator
Clean
Whitespace
ABAP
BASIC
J
Modelica
Transaction Application Language
Agilent VEE
AmigaBASIC
DIGITAL Command Language
BBC BASIC
SR
Scala
EGL (lenguaje de programación)
Lustre
BASIC A+
Amiga E
Turbo Pascal
CUDA
Archivo .bat
Embarcadero Delphi
True BASIC
Turing
CFEngine
Just BASIC
LOLCODE
Malbolge
Geometric Description Language
Snobol
RPG II
Grace
Natural
Wiring
Inform
Limbo
Programmation Automatiue des Formules
CLIST
Falcon
NWScript
Tiny BASIC
Integer BASIC
Standard ML
KTurtle
Sather
Singularity
Simulink
Cobra
uartz Composer
JavaFX Script
G-code
Applesoft BASIC
ATS
MBASIC
Visual Prolog
Object Pascal
CHILL
General Algebraic Modeling System
Gambas
F#
Atari Microsoft BASIC
Lingo
HAL/S
Visual Basic for Applications
ATLAS Transformation Language
Unlambda
NetLogo
GAP
OpenCL
REXX
Kawa
VisiCalc
XML User Interface Language
Lisp Machine Lisp
Eiffel
AspectJ
Jasmin
LabVIEW
BASIC Programming
Atari BASIC
Visual FoxPro
Io
Sueak
Microsoft Small Basic
MIT/GNU Scheme
CLU
Information Processing Language
Modula-
Asymptote
GLSL
Miranda
Autolisp
Automatically Programmed Tool
REALbasic
B
DIV Games Studio
BCPL
BeanShell
Befunge
Script.NET
NewLISP
Verilog
Scilab
BETA
Clipper
.PAK
Occam
RPG
MPD
Bourne Shell
Nullsoft Scriptable Install System
Portlet
Common Lisp
Torue (motor gráfico)
ML
ABLE
Boo
Euler
Oxygene
Java Persistence uery Language
WMLScript
Interpress
GNU Data Language
Sing#
ROOT
GAUSS
RPL
Lenguaje ML
Sawzall
Accent
Microsoft Visual J++
JOSS
Cython
TypeScript
RGSS
P Sharp
Snap!
C++/CLI
CBASIC
CHIP-
CMU Common Lisp
COMAL
COMIT
Monkey X
Mesa
Etoys
GW-BASIC
A Sharp
Rc shell
Processing
INTERCAL
uick BASIC
ABC
C Shell
Charm++
SMIL
JavaServer Pages Standard Tag Library
ALGOL 
Clarion (lenguaje de programación)
Genie
CoffeeScript
LZX
Caml
Component Pascal
Core War
Mathcad
Alice
Vala
Shakespeare
Web
Curl
CICS
InterSystems Caché
Distributed Application Specification Language
Cω
Icon
J Sharp
KBasic
STOS BASIC
Seed
UnrealScript
Markdown
Turbo C++
Microsoft BASIC
Stata
Oz
ALGOL 
Racket
Graphics Layout Engine
Lenguaje de programación Joy
MetaPost
Stateflow
Dylan
ELAN
Executive Systems Problem Oriented Language
JOVIAL
S
Turbo BASIC
Oberon
Emacs Lisp
Embedded SL
GT.M
REBOL
EUPHORIA (lenguaje de programación)
SystemVerilog
FLOW-MATIC
FOCAL (HP-)
Lenguaje Factor
Jakarta Expression Language
Transact-SL
Gofer
lenguaje Ladder
JScript .NET
Reaktor
Sieve
Steel Bank Common Lisp
Flavors
Fortress
Objective-J
METAFONT
Linda
FP (lenguaje de programación)
Gfa-BASIC
Project builder
GNU Guile
ILNumerics.Net
Job Control Language
ISWIM
M
ALGOL W
GrGen
OpenGL ES Shading Language
Text Editor and Corrector
Aldor
Rocky Mountain BASIC
Netwide Assembler
XProc
Hollywood
Pike
Sass
Haml
NewtonScript
Mizar system
PowerBASIC
ICon-L
Interactive Data Language
MAI Basic Four
Java Agent Development Framework
Xtend
Spec#
PL/
PONIE
XBase++
Locomotive BASIC
Structured Text
Turbo-BASIC XL
TMG
Ook!
Microsoft Macro Assembler
Leda
Dialect
SuperBASIC
Paradox
NC
Not eXactly C
LPC
Game Maker Language
Liberty BASIC
X
XL
Self
Lite-C
MIXAL
MUMPS
Maclisp
Piet
Alef
Modula-
Modula-+
OpenEdge Advanced Business Language
FOCAL
Nice
JAL
OTX
Opal
OttoL
PEARL
PILOT
IBM PL/S
PL/PgSL
POW!
Raku
P′′
Urbi
Unified Parallel C
Pro*C
PROGRES
PureBasic
Real-time bidding
Uniface
PL/M
ALGOL 
SAIL
SETL
SMIL Timesheets
SabreTalk
Dartmouth BASIC
Nessus Attack Scripting Language
Jess
XHarbour
FALSE
Slate
JavaScript no obstructivo
Data Language/Interface
ObjectStar
Combined Programming Language
Planner
Strongtalk
Managed Extensions for C++
Superbase database
Curry
TI BASIC
Mozart
Modula
Object REXX
Arc
B
Noop
FoxPro 
CFML
Vvvv
Compilador Harbour
Abbreviated Test Language for All Systems
Short Code
Cilk
WordBASIC
XProfan
Julia
Leet
Nemerle
Refal
High Level Assembly
Aleph
Expect
Prova
E
SWI-Prolog
DRAKON
famton
Phrogram
FutureBASIC
COBOL.NET
ObjectPAL
IBM Informix-GL
Advanced Business Application Language
Actor-Based Concurrent Language
AT&T
Airelle
TRAC
Chipmunk Basic
ArmScript
Ateji PX
Averest
Chinese BASIC
BBj
BLISS
Cool
Bistro
Programming Language for Business
C Intermediate Language
Cat
Charity
Concurrent ML
Dependency Constraint Language
ESRI-Avenue
EXEL
EventScripts
Evolutionary Virtual Agent
IBM uery Management Facility
Family of programming languages
LiveCode
Ferite
Frink
High Performance Fortran
Gallina
GeneXus
Gibiane
Go!
Hop
Ioke
Iota and Jot
IronScheme
ISETL
Izibasic
Yorick
LACATRE
LCM
LEGO
LSE
Red
Lasso
Linotte
Lisaac
Oberon-
Logtalk
LotusScript
S-PLUS
MOLOG
Unicon
MAPPER
Gödel
Maya Embedded Language
MicroMondes
Micro Lua DS
Mocklisp
ZPL
NCL
NP
Neko
Next Byte Codes
North American Presentation Level Protocol Syntax
Object-PL/SL
Ooc
Oolong
Opa
OptimJ
Panoramic
PARI/GP
APL
Cilk Plus
Portal
Praspel
Processing.js
Metaobject Protocol
Prototype Verification System
ProvideX
Pyrex
i
uickPascal
RUR-PLE
Rational Modeling Language
Syntax Definition Formalism
SAM
Simul
SR
Scol
Fjölnir
SPARK
Spice Lisp
Parser
Suneido
Simple Yet Powerful Scripting Language
Tea
Thue
Spoon
UCBLogo
Maude
MultiLisp
Visual T#
Lucid
WLanguage
WL
XBLite
ZetaLisp
ΛProlog
Argus
Atari LOGO
Atari ST BASIC
COW
Maxscript
GRASS
H++
Handel-C
Hot Soup Processor
Hybris
Lexico
MS BASIC for Macintosh
MShell
Mirah
CycL
Pico
Proteus
Rex
Tiny
WSFN
XPL
Allegro Common Lisp
Chapel
ColorForth
Dependent ML
DuAL
Global Arrays
HiAsm
Hope
JoCaml
K
Katahdin
Macintosh Common Lisp
CHAIN
CLACL
CLP(R)
CMS-
COLA
COMTRAN
COWSEL
CSMP III
CWEB
CaPSL
Caché ObjectScript
Cadence SKILL
Candle
Cayenne
Cel
Cerner CCL
Ch
Charm
Chez Scheme
SmallBASIC
Chomski
Church
CiMPLE
Ciao
Claire
Clascal
Colony Framework
Color BASIC
Comet
Compiler Description Language
Concurrent Euclid
Concurrent Haskell
Constraint Handling Rules
Converge
CorVision
Cornell University Programming Language
CosmicOS
Cryptol
Cybil
DAP FORTRAN
DASL
DATATRIEVE
DG/L
DIBOL
DYNAMO
Dartmouth ALGOL 
Data Access Language
Robot Battle
Deesel
Design By Numbers
Deterministic Parallel Java
Dexterity
Draco
ECL
ECL
EFL
EICASLAB
EMML
EPSILON
EXEC 
Ease
EasyLanguage
Edinburgh IMP
Elixir
Elliott ALGOL
Elm
Eltron Programming Language
Emerald
Enterprise Mashup Markup Language
Epigram
Escher
EuLisp
Euclid
Extensible Embeddable Language
F*
F-Script
FARGO
FL
FOCAL-
FOIL
FORMAC
FP
FX-
FXML
F
Face Modeling Language
Filetab
Flapjax
Flow Java
Flowcode
Formula language
FpgaC
Franz Lisp
Frege
Frenetic
Fril
Fuzzy Control Language
GEORGE
GNU E
GOAL
Mobile BASIC
PascalABC.NET
Perl Data Language
Pixilang
Pnuts
Polyphonic C#
SASL
SL/PSM
Scriptol
Spice
StarLogo
T++
TADS
THINK C
Turbo
UR
X++
XBasic
XOTcl
Address programming language
Analitik
Vilnius BASIC
Ratfor
Rapira
Atlas Autocode
CORAL
MAD
SETL
POSXML
Robic
Pythagoras
Interlisp
*Lisp
.L
APL
A++
ABSET
ABSYS
ACL
ADMB
AIMMS
ALCOR
ALGO
ALTRAN
AMBIT
ANSI/ISO C Specification Language
ARITH-MATIC
ARLOGO
ARS++
ASCEND
ATOLL
HP-GL
A Sharp (Axiom)
Abstract State Machine Language
ActiveVFP
Actor
Adventure Definition Language
Advice taker
AgentSpeak
AgentSheets
Agora
Algebraic Logic Functional programming language
semántica algebraica
Alma-
Alpha
Alphard
AmbientTalk
Ana
Analytica
Apple Dylan
AspectC++
Atom
autocode
Axum
BANCStar programming language
BASIC-PLUS
BASIC
BASIC 
BBN LISP
BEFLIX
Babbage
Baby modula-
BasicGL
Basicppc
BasicX
Behavioral Description Language
Bertrand
Bidule
BitC
BlooP and FlooP
Blue
Bluespec, Inc.
Bon
Boomerang
BrutusD
Business Intelligence Markup Language
C*
CAL
CEEMAC
CGOL
GScript
Juego Orientada Asamblea Lisp
Gemstone
Generalized Automation Language
Google Apps Script
Gosu
Grammatical Framework
Gremlin
HPCC
HP BASIC for OpenVMS
HP Time-Shared BASIC
Hamilton C shell
Hartmann pipeline
Helium
Hindawi Programming System
FJAX
hoc
Gobstones
Hugo
Hume
HyperFun
Kernel Language 
IBM RPG III
IBM System/ BASIC
IITRAN
IMP
ISETLW
ISLISP
Id
Illumination Software Creator
Impulse C
gawk
NEAT
Intel Concurrent Collections
Intel Parallel Building Blocks
Interactive C
Pauscal
IronLisp
JADE
JEAN
JModelica.org
JRT
UEL
Tink
Janus
Joe-E
Join-pattern
Join-calculus
Join Java
Joule
Joyce
Judoscript
KISS
KL
KM
KNITRO
KOMPILER
KRL
Keykit
Kinetic Rule Language
Klerer-May System
Kojo
Krypton
LEAP
LISA
LIS
LOOM
AMPLE
LYaPAS
L Sharp
Laning and Zierler system
Lava
Lazy ML
Le Lisp
Limnor
LispWorks
Lithe
Little b
Lynx
M
MARK IV
MDL
MIIS
MIMIC
MLisp
MOO
MST Workshop
MacroML
Mary
Kabal
Met English
MexScript
Mondrian
Mudlle
Music Markup Language
NESL
NEWP
NIL
NPL
NS Basic
Napier
Nato.++d
Net.Data
NetREXX
Newspeak
Nial
Nickle
Nord Programming Language
Nu
oXML
OBJ
OBJ
OBJ
OPS
ORCA/Modula-
Oaklisp
Obix
ObjVlisp
ObjectLOGO
Object Oberon
Objlog
Obli
Occam-π
OmniMark
OpenLisp
OpenMx
Orc
Oriel
Orwell
PACT
PCASTL
PIKT
PL-
PL/C
PL/P
PL
PLANC
PLEXIL
PLEX
POP-
POP-
PROMAL
PS-algol
PV-Wave
Pan
ParaSail
Parlog
PeopleCode
Pforth
Phpdelphi
Pic Micro Pascal
Pic
PicoLisp
Pict
Pipeline Pilot
Plus
Polymorphic Programming Language
Polymorphic recursion
Poplog
Portable Standard Lisp
PowerHouse
ProSet
Profile Scripting Language
Program Composition Notation
Programmable Macro Language
Programming Computable Functions
Prograph
Protel
Psake
Ptolemy Project
Pure
PyLinda
PyUnit
Python for S
UIKTRAN
UILL


alb
u (lenguaje de programación)
R++
RAPID
ROOP
RTL/
RTML
rank
RascalMPL
Realtime Programming Language
RiscLua
Robotc
Roy
Rpal
Run BASIC
S-algol
S
S
SA-C
SAC programming language
SALSA
SCM
SICStus Prolog
SIGNAL
SISAL
SK
SLIP
SMALL
SP/k
STRINGCOMP
SYMPL
Scientific Vector Language
Sense
Stagecast Creator
Snostorm
Tom
Secure Operations Language
Cecil
SenseTalk
SeuenceL
FACT
FLACC
Text Executive Programming Language
TNSDL
WATFIV
ZOPL
Zeno
Yoix
XPL
Speedcoding
SuperPascal
Subtext
UNITY
Shen
Simple
Snowball
Sort Merge Generator
Speakeasy
Split-C
urbiscript
Timber
TXL
Stencyl
Stylus
SubL
Turing+
XC
XMTC
Twelf
TACPOL
TELCOMP
TOMVIEW
TOM
TREE-META
TTM
TUTOR
T
PTL
TclX
Text Processing Utility
ThinBasic
ToonTalk
Trade Space Visualizer
UNCOL
VAX Macro
VSXu
Vim script
XCore XS
XSB
Flex
Magik
Astek
CEMMA
Fortran extended GRAph Algorithmic Language
SAKO
TUZ-
Teml
AdvPL
DOPE
G-Portugol
IBM Disk BASIC
Kid’s Programming Language
Oak
Logic Basic
Lush
Pizza
Powerscript
Procyon
Py
RPG Code
SLPL
SuperMumps
Superlogo
Mama
TJS
ChinesePython
EP-BASIC
ZhPy
Baltazar
Easy Programming Language
ActiveBasic
Concurrent Prolog
Ficl
Guarded Horn Clauses
JSX
KS programming
Lazy K
Mana
Mind
Dolittle
TTSneo
UWSC
WICS
Nadeshiko
Himawari
Prodel
BlitzD
BlitzD
BlitzPlus
BlitzMax
AmiBlitz
JaM
Logel
Loglan 
MCPL
Lenguajes Metauotes ML/ML
OML
Bla
Concurrent C
Fantasy GameBook Engine
Laser BASIC
Petr
Extended Syntax of Sinclair BASIC
S/SL
Kalimat
Jeem
Dao
Entry
ICI
SL
EX-BASIC
Improved Microdrive BASIC Operating System
asm.js
Xojo
TouchDevelop
Wolfram
flow chart language
Idris
Basic Sound Extension
Potion
data-entry language
Luna
Hack
SAMPL
PAL
GameMaker Studio
DIPS
///
Open Virtual Machine Language
PPL
Cameleon
Koala
CafeOBJ
Abstract-Type and Scheme-Definition Language
Svelte
Algek
MATH-MATIC
Umple
LiveScript
Programación con datos masivos en R
PottersWheel
Ox
ExtendScript
Hermes
Pyomo
DADiSP
Halide
Z++
JSONi
M#
Object-oriented CSS
Message Format Language
Stan
Basicandroid
ELI
Windows App Studio
Itk
Jolie
LFE
Swift
P*
Tritium
webMethods Flow
Swift
Mouse
PROSE
Wyvern
Bio
Blockly
Flowgorithm
Raptor
Visual Logic
bs
Telescript
Pliant
Open Roberta
XcalableMP
Ur
Cilk++
Blub
HC-BASIC
Nim
Abbreviated Language For Authorization
Ada 
Ada 
Ada 
Ada 
RBASIC
Octave
DUP programming language
Arendelle
FileMaker Script
Pixie
ANSYS Parametric Design Language
Grap
Vienna Definition Language
Comfy
Gambas
Crystal
EC
Karel++
Hy
Golo
PL/X
Programming Language for Distributed Systems
HolyC
MLAB
ModernPascal
Smart Pascal
Tynker
Delta COBOL
PL/
Whiley (lenguaje de programación)
Beatnik
Openmodelica
PROSA
Solidity
XLNT
GraphL
Universal Test Specification Language
BX
SWAF
Dice
P
KUKA Robot Language
Hierarchical Editing Language for Macromolecules
JSFuck
AtScript
X#
STELLA
Disk Extended Color BASIC
ore
Citrine
Janus
Neo Sign f Misery
RCML
CSS preprocessor
Kaya
LTR
SuperNova
Ring
EXAPT
TouchDesigner
Cuis Smalltalk
WaveGL
Posity
Milk
CS-
EarSketch
Programmable Command Language
PLASMA
Haggis
BCY
XCY
SpiderBasic
PL
Cuneiform
Storyboard
Toi
Céu
SL
J
Dog
Sue
Links
ENIAC coding system
ENIAC Short Code
Von Neumann and Goldstine graphing system
ARC Assembly
CPC Coding scheme
Curry notation system
Birkbeck Assembler
Document Structure Description
Knowledge uery and Manipulation Language
Ring Tone Transfer Language
Routing Policy Specification Language
XML-L
Advanced Continuous Simulation Language
FortranM
Nested Context Language
Strawberry Prolog
Parolu

Starlark
wollok
Motoko
Zedra
DRAMA
Lioness
Mulan
Beef
FLOW
SNAP
Snek
Source
Eff
L
Vintage BASIC
Chaos
Digital Asset Modeling Language (DAML)
Dragon
APHP
Trellis-Owl
Communication Access Programming Language
PS 
LOOPS
ART
Armada

Torino
MeLa
CRN++
ElGolog
Koord
Power Fx
Toit
ZetaSL
Superplan
ALGAE
Intermediate Programming Language
Regional Assembly Language
Boehm unnamed coding system
Klammerausdrücke
OMNIBAC Symbolic Assembler
Stanislaus
Whirlwind assembler
Rochester assembler
Editing Generator
COMPOOL
READ/PRINT
MATRIX MATH
BACAIC
Freiburger Code
Seuentielle Formelübersetzung
Internal Translator
PRINT
UNICODE
Space Programming Language
Yellow
IBM Advanced BASIC
RPG/
Turbo Pascal OOP
RPG IV
GDScript
Analytical Engine order code
Computest
MIDAS
Green
GPM
Caml Light
Brief Code
Reia
FriCAS
TLA+
Ixi lang
Discipulus
jimtcl
Manchester Scene Description Language
Alusus
VIPLE
Nock
SKILL
ShEx
Rant
AIMACO
P
Bogus
Arduino
Python 
MATLAB
Ada 
Ada 
Level I BASIC
Deadfish
Emmental
Glass
Catrobat
Darwin
Dafny
Futhark
Pony
Ballerina
M language
Zig
Эль-
Bloom
Loglan 
Loglan
SnapArduino
Tekkie Uni
StaDyn
Amber
SATySFi
graph uery language
Biological Expression Language
V
Latino
ZIL
Bosue
Reason
Pyret
Myrddin
Odin
GraphL Editor
PWCT
Edison
TI-BASIC 
C Enterprise script
Cir
PureScript
Frame-based editor
Zenith Parsing Engine
JS++
Alore
C
Gleam
Orca
