The Sleuth Kit
Ampache
false
libjpeg
InterNetNews
mkd
SL-Ledger
Zeitgeist
GmailFS
Ruby on Rails
MATE
Marble
Psi
Zarafa
Mongoose
Zabbix
GNAT
Motor Zend
Serendipity
Arduino
Google Web Toolkit
Artistic Style
MusicBrainz Picard
ADOdb Lite
Nvu
FUDforum
phpMyAdmin
Zero Install
Potlatch
Mahara
WildFly
ZFS
CKEditor
Cdrtools
TortoiseGit
gedit
Remmina
Fluxbox
Kb
PsyBNC
CLIPS
SPICE
xmonad
SpatiaLite
Spring Integration
Ceylon
AppStream
Java Class Library
Z FEM software
Maven
Transporter Classification database
OpenLaszlo
file
Zenity
Linphone
CPPUnit
ASP.NET
SciTE
Natural Docs
PRADO Framework
Zenoss
Audacity
PostgreSL
bitcoin
base de datos tz
Cherokee
LuaTeX
GNU social
Empathy
JAJC
Lic
Miranda IM
Fire
Gossip
Proyecto Oxygen
Bugzilla
OpenStreetMap
Skencil
Matomo
XMLTV
BIND
Naim
MediaWiki
Agda
Semantic MediaWiki
SMW+
PdfTeX
Kadu
Kopete
ln
Planificador Completamente Justo
OpenOffice.org Draw
Ircu
Instantbird
Scribus
Java OpenStreetMap Editor
Textpattern
XeTeX
Gajim
Jabbim
HAL
NumPy
Tor
Angband
emelFM
TestLink
Archivista
Kate
KStars
Alien
ccache
Umbraco
Ipfw
Autopackage
Cdrkit
Avida
Lazarus
Lua
iPKG
Xrdp
Bevolution
KPaint
Virtaal
Rsync
Apache Roller
dwm
wxWidgets
OsCommerce
Scratch
Launchd
Mdadm
Freevo
ZynAddSubFX
PHP-GTK
Dendroscope
A-A-P
GlueGen
CHICKEN
Ejabberd
IText
GPhoto
A Better CD Encoder
Lynx
Iptables
es
SciPy
Zope Object Database
Greenpoisn
Memory Technology Device
RetroShare
Udev
GFTP
Libdvdcss
Dietlibc
JBPM
Dm-crypt
LV
Csound
OGNL
IKVM.NET
Id Tech 
Ehcache
Mootools
EyeOS
HMailServer
Cdparanoia
Libavcodec
FreeBASIC
LessTif
FLAC
Apache CXF
WinMerge
GKrellM
diaspora*
Apache Thrift
Hdparm
Djbdns
KTouch
MEncoder
-ds-base
PCManFM
Konsole
M software distribution system
KOffice
wxPython
RTorrent
James Server
Rdesktop
Rekon
Ntop
Urpmi
make
Liferay Portal
Graphviz
mail
Gtkmm
JMonkey Engine
lftp
librsvg
wmii
DotProject
OpenCart
uDig
Awstats
Javac
EMule MorphXT
cgroups
Pdftk
Webtrees
Tin
UIP
eXist
LADSPA
DC
Mutella
Cairo
Perian
Patch
PhpDocumentor
Opentracker
G-Eclipse
Vpopmail
JEdit
Apt-rpm
AWeb
Dpkg
Hugin
Tcsh
MediaLib
StrongSwan
webERP
Calligra Plan
Adblock Plus
WxBasic
Open MPI
PhpGroupWare
Adaptive Communication Environment
ADempiere
AForge.NET
FileZilla
Efsprogs
XMule
Memcached
Strace
Cryptlib
Vtiger CRM
utIM
Acme (editor)
proxmox
JDOM
Apache MINA
Konversation
WSJT
vsftpd
mod_wsgi
Tcpdump
TopLink
Activiti
X Python Newsreader
mod_python
EAccelerator
ARIBAS
PhpLDAPadmin
Id Tech 
shred
OpenThinClient
Ezmlm
Erlang
XAMPP
Perl DBI
Proyecto Sakai
LabPlot
Xinetd
Gtk-gnutella
Cloop
IFolder
CodeIgniter
Praat
Advanced Visualization Studio
ACT-R
ownCloud
Climm
Getmail
Translate Toolkit
Apache Geronimo
Apache Lenya
Advanced Linux Sound Architecture
KBabel
Kolab
Libusb
GDesklets
AOLserver
Iproute
Libxml
Nouveau
mod_ruby
ggplot
Kernel-based Virtual Machine
XOSL
Sironta
JFace
Apache Ant
Ultimate
Amaya
Aircrack-ng
Nodezilla
syslog-ng
Potrace
Echo
Sonar
CenterIM
Caudium
StealthNet
Image Uploader
Railo
Analog
Aeolus
KDE System Guard
FreeTrack
AndLinux
Coco/R
Texvc
KPovModeler
sam
Grip
Astropulse
GNU Wget
PortableApps.com
Lout
Aewm
Pitivi
LinuxCNC
CrossCrypt
Anaphraseus
Cydia
Apache Axis
DansGuardian
LTSP
Winny
Wiring
Ulteo
SWIG
Phex
JSPWiki
Proyecto Helix
Automatically Tuned Linear Algebra Software
Flowplayer
RPM Package Manager
Calculix
T-Engine
POV-Ray
Open Smart Card Development Platform
XZ Utils
Apache OpenEJB
Creador de discos de arranue
Slab
OLAT
tiPlot
CFEngine
Java Anon Proxy
Tine .
WordNet
FreeHAL
GtkHTML
MapServer
Ubuntu TV
Windows Template Library
AFGROW
Ocsigen
AfterStep
MiKTeX
Agilo for Trac
GeoNetwork opensource
OpenVPN
PhpList
PolicyKit
Mixminion
SuashFS
AirSnort
Akonadi
FreeTTS
PowerDNS
OpenThesaurus
ParaView
Internet Messaging Program
DOSBox
Sumatra PDF
WinPT
SubViewer
WavPack
Lsof
Agavi
Akismet
Directory Opus
NoScript
Anacron
CUBRID
OpenSync
Enlightenment Foundation Libraries
Firefox Móvil
Rhino
Links
CERN httpd
Spark
ASP.NET MVC Framework
Carex
DSpace
Apache Muse
Apache Tuscany
OpenSceneGraph
Arcavias
GOsa
Ardour
Gambas
Dirac
ELKI
Harmony
Pango
Shoes
Bean
Rack
YafRay
Apache Harmony
Tera Term
Apache DB Project
MyFaces Trinidad
TYPO
Application Lifecycle Framework
Wireless tools for Linux
Clutter
Miredo
uite Universal Circuit Simulator
Avahi
Apache Jackrabbit
Apache Cocoon
XMLBeans
Xdelta
Busybox
Apport
LAPACK
GNUPanel
Bitfrost
Brasero
WorldWideWeb
Cooperative Linux
LogicalDOC
Generic Mapping Tools
Xinit
Apache Avro
Apache Archiva
Apache Camel
Apache POI
Apache Derby
Areca Backup
MySL Workbench
uanta Plus
Duplicity
Tk
FusionForge
Initng
VirtueMart
ProjectLibre
Wubi
BootX
LaTeXHTML
Yellowdog Updater
HotSpot
LightZone
Aegisub
Valknut
xmlenc
OpenSIPS
Dokeos
Apache Directory
Apache Ivy
Apache Commons
Apache Pivot
X.app
Open-Xchange
Pentaho
ArgoUML
Compiere
Mozilla Prism
OpenPuff
Apache Portable Runtime
Xvid
GWGET
VICE
Bluefish
WebKit
KTurtle
HandBrake
Zram
Apache Portals
Apache OFBiz
Arachnophilia
Mac-on-Linux
Drools
Xtext
KVIrc
Cheese
CheckInstall
HylaFAX
Collabtive
Insight Segmentation and Registration Toolkit
Collanos
Smarty
OFFSystem
KMess
Failban
Beamer
Sip Express Router
OpenOffice.org Math
Inno Setup
Ted
Hibernate
Tripwire
BALL
Odin
Workrave
Sparkle
Asunder
Jikes
FontForge
Proyecto Mono
Dovecot
Apache ServiceMix
Pylint
BOCHS
Dataphor
SuirreL SL Client
Info
JXTA
Bogofilter
ChatZilla
OpenLayers
REVTeX
Smart Package Manager
Calibre
Larswm
Trac
Apache Lucene.Net
Soop
Mnesia
RichFaces
JWM
Spring Framework
KWrite
Panorama Tools
NetworkManager
Blackbox
D-Bus
Apache ActiveM
Eucalyptus
The Unarchiver
GiFT
ISO Master
EMBOSS
KCeasy
Apache OpenOffice Writer
Evince
XMail
Ultimate D
Lightweight User Interface Toolkit
Apache OpenJPA
Apache Excalibur
OD
AviSynth
Proyecto Looking Glass
PDF.js
Selenium
Apache Jelly
Apache pid
Apache Aries
ProTracker
IceWM
Shorewall
Lightspark
KDESvn
Public Knowledge Project
OpenLDAP
Cad
TorrentFlux
Launchy
Aterm
OpenShot
Apache XAP
Apache Abdera
DJGPP
Art of Illusion
Dillo
Brain Fuck Scheduler
KSnapshot
JasperReports
OmegaT
MagmaFS
OptiPNG
KWord
TinyScheme
Asymptote
Avogadro
Mambo
Boa
Portage
Premake
SWT
BSI OSS Security Suite
Basic Linear Algebra Subprograms
Spicebird
FOX toolkit
Common Address Redundancy Protocol
BitlBee
Blastwave.org
BlueJ
DCWatch robot
Greasemonkey
Zen Cart
Doom Engine
Lightning
Facelets
Dialog
Bongo
Pixie
Halite
Odoo
Basilisk II
OVirt
KDbg
WebGUI
Pasporta Servo
MCabber
VDMSound
Pandora FMS
VuFind
Remote Application Platform
Centeric
Blueuartz
BlueGriffon
GROMACS
Mpxplay
Libwww
BlueSpice
LyX
ICU
Gnucleus
Libpng
GnuWin
Nullsoft Scriptable Install System
OpenVanilla
AdBlock
ArduCopter
Ghemical
Grails
Lilo
BDS C
Partimage
MacWWW
Bigace
Scalr
Xen
AvERP
Bersirc
BIMserver
BackupPC
Batik (software)
Xawtv
JUnit
Commons Daemon
Bibliotecas Boost
Open Sound System
KWallet
Business Intelligence and Reporting Tools
BKchem
Internet Comunication Engine
Dynamips
Gluster File System
GNAT Programming Studio
BitKeeper
CrashPlan
GRAMPS
DScaler
BabyDevelop
OpenJ
KSEG
LogFS
JAMWiki
Binario misceláneo
Common Unix Printing System
Blue Frog
Sencha Touch
Twitter Bootstrap
FreeIPA
MyISAM
OrientDB
Code  Blocks
ClamAV
Boehm garbage collector
Clustal
BitBox
Bombono
Upstart
Xedit
PhpGedView
Mathomatic
LiVES
UltraVNC
Kanagram
StarUML
Buildroot
Cantera
Mozc
Elexis
Voldemort
Karbon
Moonlight
Caffeine
Capistrano
KJS
SFML
GNU build system
TestDisk
OpenOffice.org Calc
TurboGears
Scribes
NcFTP
Dbm
General Architecture for Text Engineering
Comprehensive Knowledge Archive Network
CDemu
Sphinx
Cassini
Snap!
Kicker

XPde
Linux Router Project
Opencast
Cython
FAUmachine
Canorus
WorldForge
GLUI
PCSX
uicksilver
uassel IRC
LUKS
ROOT
Dojo toolkit
FireFTP
Gradle
Inetd
Nikto Web Scanner
OpenVZ
Cacti
FUSE
X-Smiles
ImageMagick
Links
Jakarta Project
XPaint
Calmira
Trixbox
DirectFB
GNU gatekeeper
CMU Common Lisp
CMSimple
CVSup
Captive NTFS
BioJava
Nuvola
Valgrind
ViewVC
Icecast
XULRunner
Logisim
Etherpad
t Jambi
Eclipse Mylyn
Propel
Plone
OpenBIOS
LinuxSampler
GpsDrive
Exim
Rsyslog
Google Native Client
scikit-learn
Universal Edit Button
WikidPad
JBoss Seam
GNU Data Language
Exaile
Máuina Virtual Paralela
RapidMiner
TypeScript
fusion
HijackThis
GNOME-DB
Calamaris
KMyMoney
Bullet
Sonnet
Catacomb WebDAV Server
Vrms
SableCC
Checkstyle
UNetbootin
JMule
Chora
Claroline
XForms
JBoss Enterprise Application Platform
Codec
Lightbeam
FASTA
ConceptBase
Coral Content Distribution Network
OCS Inventory
Motif
LibreOffice Writer
Emerge
Enchant
Contenido
Archimedes
Bonita
Slapt-get
Apache Traffic Server
Debconf
NonVisual Desktop Access
ConTeXt
SPIM
Cinnamon
Conduit
Linaro
Coccinella
Mezzo
Kdeedu
Iperf
Swaret
Open Source Security Information Management
JAmiga
ECryptfs
LESS
ConAT
CrossPoint
Jetty
Gears
WxDev-C++
Cfdisk
Lspci
Chook
NDISwrapper
PicoBSD
KRename
Codendi
Rubyripper
Nagios
WiX
Hping
Util-linux
Jython
Physics Analysis Workstation
KImageMapEditor
XLISP
BlueZ
Greenfoot
TiMidity++
Cppcheck
Courgette
Watcom C/C++ compiler
KHangMan
Cinit
Suricata
Webots
Ekiga
Pygame
ThreadWeaver
HPLIP
Cowsay
Wvdial
WxDownload Fast
Cc
Arranue remoto sin disco en Linux
KCalc
Openmeetings
FluidSynth
Ghostscript
Darwine
EFront
GNOME Dictionary
OpenNap
GNOME Do
SLAlchemy
CommSy
RecordMyDesktop
World Atlas of Language Structures
Prosody
Courier Mail Server
Proyecto KAME
GNOME Screenshot
Rodi
KSVG
Dcraw
DRBD
DeCSS
PeerCast
Wikibhasha
Milkyway@home
OpenArchitectureWare
TCPMP
Duplicati
Crossroads
Sigil
Parole
Frash
Rockbox
Cyberduck
Eraser
Dazuko
NetSurf
Open Library
OpenDS
Ding  Dictionary Lookup
Direct Rendering Manager
DotLRN
Dvd  rip
PeaZip
Eggdrop
Share
Dracut
Vassal
Chess
ERP
Ripple
Debian Almuist Shell
DataFinder
Google Browser Sync
IntelliJ IDEA
GeneWeb
Integrating Vision Toolkit
Netatalk
Nuclos
EISPACK
Framework de modelado Eclipse
KolibriOS
PepperShop
NSD
Toybox
CrypTool
Crystal Space
WikiTrust
Metasploit
Redmine
Vertrigo
DKBTrace
WinSCP
AcetoneISO
DataNucleus
Mozilla Firefox 
Debian-Installer
Deegree
GEGL
Wv
DriveImage XML
Linux-VServer
EPICS
SCIM
DVD Decrypter
Wakanda
Enlightened Sound Daemon
MythTV
Gerrit
OSGi
EDLUT
MoBlock
Ren'Py
Devil's Pie
User Mode Linux
EasyMock
Jinzora
CuneiForm
ELinks
tParted
NHibernate
JSmooth
Dynamic Kernel Module Support
DOS Navigator
Merkaartor
YsmIC
Cyclone
DBDesigner
MXJ
Opennebula
Decibel (KDE)
DenyHosts
Devwex
EAS
Eagleplayer
ooxdoo
Navit
Strobe
Fink
Elm
Polipo
Alacarte
Elmer
Libsndfile
EJBCA
Growl
Beryl (software)
Fire Dynamics Simulator
Network Audio System
Foomatic
Euinox
GPXE
Glide
Plucker
UPX
OpenCms
Emerge Desktop
EMMA
EncFS
Low Orbit Ion Cannon
SMPEG
Máuina virtual Parrot
Konueror Media Player
Ettercap
PSYCED
Xarchiver
FBReader
Minicom
Electric Sheep
Poppler
Opie
Rodent
EDE
GRASS GIS
KDirStat
Ethernut
Ninja-ide
Subtivals
Steel Bank Common Lisp
OpenNMS
MediaPortal
Ogg Writ
Free Component Library
GT.M
NeoOffice
FIGlet
Festival (TTS)
LiteStep
Psyco
Kazehakase
Enhanced Programmable ircII Client
KDE Software Compilation 
Hamlets
Apache Etch
Exchangelinux
FVWM
SocketCAN
HipHop for PHP
Geant 
Mantis Bug Tracker
Sweave
Pure-FTPd
Hisax
Foremost
Snort
Krusader
PyMOL
Intel Threading Building Blocks
MoWeS
MapProxy
Parley
Kompare
FlexWiki
Wiki Mode
NaviServer
FLTK
NagiosGrapher
F-Droid
File Alteration Monitor
Javadoc
The SWORD Project
ROX Desktop
InfraRecorder
Guitarix
FloAt's Mobile Agent
FormEngine
FreeType
ntfsprogs
PSPad
EpsTk
EventDB
Opsview
Pure data
Liero
JACK Audio Connection Kit
pyLoad
Subconjunto de kernel de Linux integrable (ELKS)
Yandex.Tank
Friendica
Java Desktop System
NTFS-G
GNU VCDImager
LittleCMS
GeoServer
LimeSurvey
Ghostery
JrMan
JavaCC
GlobalTester
Go-oo
Kexi
SugarCRM
Scanner Access Now Easy
Pan
Orca
Snow
Allegro
Free Java implementations
Compiz Fusion
OpenJUMP
HeidiSL
GConf
GNU Privacy Project
GNUSim
GROUP-E Collaboration Software
MRTG
SPIP
Hildon
IcedTea
Thuban
Python-Ogre
PA
Tremor
PulseAudio
GNUstepWeb
Tamarin
Yakuake
SOGo
Glest
GnuVocabTrain
SAGA GIS
Netfilter/iptables
Xournal
Xrms
JClic
Gaphor
ILNumerics.Net
Cocosd
Xitami
Opsi
Gwyddion
PostGIS
GEOS
Free Pascal Runtime Library
Hydrogen
Gutenprint
Fujaba
Fully Automatic Installation
MacPorts
PyCharm
GGobi
Gentoo/FreeBSD
SpamAssassin
Universal Network Objects
OpenAFS
Openfire
PyGTK
Gjiten
Gobby
OpenOffice.org Impress
Stackless Python
GNOME Display Manager
GNU Compact Disc Input and Control Library
GPE Palmtop Environment
Open Workbench
Statistical Lab
GtkRadiant
Greenshot
HTML Tidy
Netwide Assembler
Rsnapshot
OsmocomBB
SINGULAR
Rough Auditing Tool for Security
GalliumD
NanoVM
GestióIP
hebOCR
Website Baker
ftp Unix software
GeoTools
FxCop
GAdmintools
GPSBabel
Google Gadgets for Linux
Java Topology Suite
MPGain
Planeta
Mason
WWWOFFLE
Project.net
Bioclipse
Proyecto Vidalia
LOCKSS
Rubinius
LifeType
Monitor
Mnemosyne
Samba
Magento
MakeIndex
Yaws
Mapbender
Webalizer
LINE
EVMS
Akregator
LINBO
MPICH
Libsigc++
Line Mode Browser
Mftrace
concrete
MuCommander
Nconf
PvPGN
Falcon's Eye
R Commander
Yabause
X-CD-Roast
Lazarus Component Library
MMBase
RubyGems
Xeyes
Main//Pyrus DMS
Newlib
TeXnicCenter
Metakit
Sysfs
MikMod
ctags
My Media System
MyPaint
Diaspora
Pinta
Nebula Device
Mesa D
SMILA
LINA
Shopware
LuxRender
Liga Manager Online
Maildrop
SuperKaramba
bbPress
Mozilla Firefox 
MoziloCMS
NTP pool
Metisse
Xajax
ATutor
MSYS
SK
Jabberd
FpGUI
T-Coffee
Phonon
JChemPaint
XMIND
Open Inventor
PHProjekt
Pootle
ZYpp
Cmus
Win-loader
Fre ac
Reduce
ATOMIC Authoring Tool
LDE(X)
OpenVAS
Lokalize
Lx-Office
Nn
LwIP
MIDletPascal
OpenAerialMap
RoundCube
LDAP Account Manager
Dragon Player
MMCache
Manifold (software)
Metacoon
Modelio
Perl Shell
MyCoRe
rxvt-unicode
xwd

Hercules
Jigsaw
Alliance
Hatari
Kylo
NLTK
OpenOffice.org Base
Ion WM
Ipchains
Ispell
JSAN
Lingo
Secret Rabbit Code
Tiny C Compiler
NUnit
Kalypso
TRIM
Hamster
WinCDEmu
Sphinx
HeliumV
LIRC
ILCPU
Portland Pattern Repository
Protocol Buffers
Network-Integrated Multimedia Middleware
ICEfaces
LIO
WaveMaker
Julius (programa)
YAKINDU Statechart Tools
Xara LX
SVK
SALOME
Palo
PhpMyForum
SharpMusiue
IPFilter
Yana Framework
IntarS
Open Journal Systems
SuirrelMail
Mozilla Firefox .
Hibiscus
Scuttle
Midgard
uagga
Winroll
High-Availability Linux
Nastran
i-doit
ImageJ
Java Decompiler
Kamailio
OpenArchive
Apache Chemistry
OpenBTS
OnlyOffice
ILIAS
jGameAdmin
JFire
JFreeChart
Java Development Tools
Tinkerforge
ProWiki
Dropbear
Open
TortoiseHg
JOnAS
JabRef
Sweet Home D
Jmol
Kaffe
TeXht
RegRunner
Simple Instant Messenger
MPEG Audio Decoder
LightDM
Xymon
Neoj
Hunchentoot
Nagios Business Process AddOns
Ipfwadm
Ogle DVD Player
Apache Jena
KTimer
Retrospectiva
Kivitendo
Code Saturne
Home Planet
Video Disk Recorder
Java Agent Development Framework
Tcl/Java
NagVis
PhoneGap
PHPDoc
Aprendizaje en línea
LON-CAPA
POC

Pen
Pacemaker
Project X
Bombus
Gummi
OVal (Framework)
OpenCA
OpenPHPNuke
Remastersys
Password Safe
JSDoc
uickly
RasMol
Redaxo
Jabberd
Roundup
Avant Window Navigator
Emerald
SEAL
PMD
Proteus
Nuxeo
OMNeT++
IBM OpenDX
OpenTMS
PapervisionD
FreeSWITCH
Phoenix Mail
Psiphon
DVD Flick
uartz (scheduler)
SithWM
OpenITCOCKPIT
Opentaps
PandaD
Dolibarr
Plymouth (software)
Tomato Torrent
iChat Server
PySide
Telepathy
ShiftN
Genshi
Sahana
Resin
OpenSG
Opensource-DVD
Parallel Linear Algebra for Scalable Multi-core Architectures
JWPce
uake Army Knife
Icarus Verilog
Expat
RabbitM
ProGuard
Rakarrack
Security & Privacy Complete
Fugu
WeeChat
OpenSAGA
PGF/TikZ
Protégé
Phpwcms
MAMP
Secure Shell Filesystem
Sauerbraten Game Engine
SciPlore MindMapping
LXTerminal
Shark Framework
OPUS
OpenXava
PowerMock
ProFTPd
Source Code Control System
Robot Framework
SE
Simh
Oekonux
Onepoint Project
OpenBSC
OpenCSW
Open Dynamics Engine
Simtk-opensim
PalOOCa
Rubedo
Pyexe
RKWard
S-Lang
SLIME
TCPDF
OpenMeta
OpenNTPD
VirtualGL
pdnsd
Calligra Stage
PhotoRec
Security Administrator Tool for Analyzing Networks
Pngcrush
PostNuke
XML Interface for Network Services
Vinagre
Tiger
Firestarter
Deb Creator
Glasgow Haskell Compiler
Asio
Vino
Burn
Seashore
Snarl
OpenX
Winik
Conky
Drizzle
Mega
Twin
Spectrum
Speech Dispatcher
Splint
Live USB system creator
Ubiuity
Moose File System
Stud.IP
Conkeror
Tellico
Vidix
Tkabber
KGB Archiver
Widgetset
VideoLinux
SparkleShare
LPRng
Flixel
GNU Prolog
The ACE ORB
TinNS
Dooble
Fritzing
KOrganizer
WikiTimeScale
Namecoin
Nicotine
Sones GraphDB
SuidGuard
Debian Package Maker
Buildout
GNU WebSocketJ
SpagoBI
TrueDownloader
VTun
VeloAce
Apache HBase
WebEdition
WebWork
tScript
Waf
TFairUse
DCOP
Streamripper
TIPP
TIGCC
WebKiosk
Kerrighed
Ultrix Window Manager
CloudStack
WSPR
Freedict
SnipSnap
Framework Analizador Spirit
Cpuburn
Taxbird
TurboCASH
Kdepim
Viola–Jones object detection framework
HAMMER
Update
Adminer
PLIB
Yahoo! UI Library
Text Engineering Software Laboratory
Apache Axis
Yasm
Xdebug
KDELibs
SoapUI
Open Dental
Stanford Stream Data Manager
TOSSad
TagLib
HaveFnuBB
KFormula
FreeRADIUS
UMFPACK
Xaw
Vipul's Razor
WebPositive
SableVM
BoxD
Open Build Service
TOPCASED
Agar
Castor
Cabos
YAML
KGpg
Almo
SWI-Prolog
Usplash
Matchbox
VirtualDubMod
Acceleo
Auamacs
Chandler
Co-ment
Agora
Expect
Coban
Kune
Kross
RealVNC
Xfburn
Xplanet
Alloy Analyzer
Netsukuku
AppFuse
Arpwatch
C Intermediate Language
Cappuccino
Centreon
Apache Accumulo
XScreenSaver
FreeNX
CherryPy
Apache Logging
Net-SNMP
PlayOnLinux
Cairngorm
Graphics Execution Manager
Indent
NEdit
SuperWaba
AnkhSVN
Bastille UNIX
Web Application Distribution Infrastructure
Anatomography
Beonex Communicator
XStream
Kiten
WoltLab Community Framework
Öffi
RShare
BMPx
Stunnel
ISPConfig
Apache Tika
ZDoom
NASFree
Openfiler
SCIgen
Epi Info
Scapy
IPython
KChart
Portable.NET
Shane's Chess Information Database
Xfe
Algobox
BOUML
TortoiseCVS
Big Brother Bot
OpenShift
Omemo
Cairo-Dock
SMPlayer
X-Video Bitstream Acceleration
YaBB
DeviceKit
FileZilla Server
AlternC
AnalyseSI
Bulk Synchronous Parallel ML
Buzhug
Catalencoder
Honeyd
XVidCap
OsmocomTETRA
ASTRES
Apache Karaf
WU-FTPD
Firefox .
HPlus
Advanced Intrusion Detection Environment
Aladin Sky Atlas
Apache Solr
Archetype JavaScript Framework
Atheme
GXemul
OpenTeacher
CmathOOo
marco de trabajo Aiki
Virgo
Terminal
Player
Juice
Juju
Copix
Daedalus
Dconf
ProcessWire
PhpMyVisites
DirSync Pro
KumbiaPHP
TCP Wrapper
Hemlock
Fcron
Funambol
FxEngine Framework
GLC lib
Gpdf
Browseruest
Gmsh
Soprano
Gens
GDK
DJL
CollectiveAccess
Libdca
Snoop
Freeplane
PyRoom
Dreamule
Dropline GNOME
EtherApe
PortAudio
FreePastry
fusioninventory
GCIDE
Hoa project
HomeBank
Tryton
FIFE
Connotea
OpenProj
ContactForm
CrawlTrack
Dijjer
DrawSWF
FCEUX
FuelPHP
GNU Rush
GnGeo
GuppY
Mod Security
ht //Dig
Impro-Visor
Mintty
Ksplice
Mojolicious
GNUstep Renaissance
GCfilms
Getting Things Gnome
Graveman
CodePress
Fbdev
ZK Framework
Entangle
Fontmatrix
GNU Free Call
MBROLA
Gest-HVSL
Gnopernicus
Open-Sankoré
K!TV
CodingTeam
Decibel (software)
EPDFView
Ethtool
tractor
GLPi
Gnuboy
Graphical Modeling Framework
GoldenDict
D.js
EasyBeans
FlyBack
Gammu
GPicSync
Gpsim
IceBB
JWChat
Jahia
DCMO
Eterm
GTK-Doc
GVPE
Heritrix
Jmirc
GDevelop
GNU Generic Security Service
txttags

APTonCD
Opa
PIPS
Orange
Lodel
Luciole
Mandriva Directory Server
Minishare
Monit
MyNotex
Kat
Listen
Lutèce
Phenix
Kermeta
Listaller
KNode
Mg (editor)
MixShark
NILFS
Odis
Open ModelSphere
OpenIMS
Papywizard
GPS for the visually impaired
Pencil Project
PlanFacile
PlayOnMac
Plex
OpenMusic
Kommander
KTechlab
LÖVE
Asis
MeuhMeuhTv
Movim
Internet Browser
Newton Game Dynamics
Nget
NuFW
JORAM
PGen
KSirc
KWeather
KMix
LLDB
libcaca
Lzop
Stet
Virtual Machine Manager
FatRat
Openswan
Open mobile IS
OpenSearchServer
Ovidentia
Picty
Limbas
LinuxLive USB Creator
EasyInstall
Mondo Rescue
Auad
Petals ESB
Pleade
KNotes
KeepNote
MKVToolNix
OpenRC
MonaOS
Synchronet
Mozbot
OBM Groupware
OProfile
KontrolPack
LemonLDAP  NG
uim
METRo
Slackpkg
NanoJIT
PARI/GP
DC++
Kdesu
Kdetv
LXR Cross Referencer
libHaru
Furius ISO Mount
MedinTux
MeshLab
Mimee
Ninjam
NodeBox
Nuxeo CPS
Software Updater
OpenConcerto
Paradiseo
PhpSysInfo
PhpThumb
Lessfs
Poa
Lopster
Ristretto
Road to Ubuntu
SOPlanning
tangoGPS
Therion
WakkaWiki
Xiphos
Zazouminiwebserver
Zzip
Midori
Zap
Raphaël
Wired
t uick
Rzip
SIOD
Simple Linux Utility for Resource Management
Snappy
Songwrite
Steghide
Mozilla Grendel
StrongDC++
Taskwarrior
TkCVS
UCARP
Visual Understanding Environment
WWW Interactive Multipurpose Server
WPKG (software)
Xvnc
Prométhée
Rolisteam
SYNTAX
RSpec
Shinken
ShowImg
SoX
IDesk
Soundmodem
Suale
Netscape Portable Runtime
The Coroner's Toolkit
Triade-Educ
VideoLAN Movie Creator
WikiNi
WxRuby
Synkron
Vespucci
PreviSat
PySerial
OscC
Kimios
RBS Change
RadRails
SLBuddy
Seeks
MySpell
JkDefrag
Icinga
MCU  IDE
Kdissert
Tokamak
vym
WikipediaFS
WinLame
Xvnc
Portix-PHP
tstalker
SILC Server
Silverpeas
SmartVT
TiLP
Verbiste
WPerl
xastir
Xapian
radvd
t Designer
SuperCopier
Toonloop
Ultracopier
Urwid
Xenocara
XLogo
wt
Skrooge
FreeArc
Stopmotion
PDFedit
Diakonos
Wilos
Projelead
JMulTi
SILC Client
SNMPTT
Filelight
Omeka
TinyXML
Window Manager From Scratch
Xfm
XiVO
KFM
Sedna
Agave
Crystal
Blackbird
Apache Mobile Filter
Crossloop
DWSIM
HTMLDOC
InterMezzo
Magic
Miniblo
Kurso de Esperanto
Alchemy
TORUE
VPython
Ascalaph Designer
Avrdude
Moses
Cytoscape
GNOME System Monitor
PLaSM
PDF Split and Merge
Phamm
RabbitVCS
Psycle
Unbound
.NET DiscUtils
ABINIT
Basic-
Aria (mecanismo de almacenamiento)
Chntpw
Check
JOELib
RedMon
GNOME Activity Journal
proxy
Binkd
Booktype
C-Store
Cdrtfe
ISO Recorder
CoCoA
Wine Doors
Cog
GNOME Disks
MediaInfo
SimGear
WinPenPack
txtregex
AdGuard
Arageli
Astronomical Image Processing System
AsteriskNOW
CLEditor
CRIU
JSBSim
TokuDB
Flite
TrueBSD
tWeb
Airtime
Apache Attic
Archivemount
Bonsai CVS
Cloud IDE
Fotografix
DaDaBIK
OpenVRML
XtraDB
AisleRiot
Anthy
Apache Felix
Glom
Zekr
ASuite
CenterStage
KDialog
MySL Proxy
VoltDB
PS Media Server
AMD Core Math Library
BlazeDS
BugTracker.NET
CTWM
CC PDF Converter
FMRIB Software Library
Menéame
Media Player Classic Home Cinema
Motif Window Manager
Orfeo toolbox
ComicBook
SpeedCrunch
Xplico
Apophysis
Atop
Barebox
BePDF
CLPython
Ceph File System
Soul
Concierge OSGi
Danneo
Distributed Internet Backup System
DjVuLibre
Double Commander
Embeddable Common Lisp
Fbxkb
FocusWriter
FreeNibs
Guake
Ikonboard
Komodo Edit
Liberté Linux
OSS through Java
Pkgcore
Postbooks
Maximus
CloudStore
Fresh
Fresco
Gordian Knot
Jinja
DBMail IMAP and POP server
HyperVM
jMemorize
K-D
kueue
LibJIT
OCRFeeder
ReuestPolicy
Recode
Din
Frog CMS
Perlbal
PuppyRus Linux
Runit
DSPAM
DeaDBeeF
GraphicsMagick
Higgins project
JamVM
KeePassX
Luakit
Ngspice
OSSEC
OpenGrok
Open vSwitch
Python Paste
tRuby
Linux RIP
SJ
Enable Viacam
gcov
JMCAD
Java Evolutionary Computation Toolkit
JScheme
lguest
MapWindow GIS
metromap
Mysaifu JVM
Open-AudIT
PHP Development Tools
PpkBBcker
Semagic
Dynamic languages toolkit
Enblend
eiskaltdcpp
Gtk-Perl
JetBrains MPS
KLettres
KDiskFree
POCO C++ Libraries
PHYLIP
PonyProg
Portable, Extensible Toolkit for Scientific Computation
Process Hacker
PyPanel
DeltaD
Epydoc
Fprint
Game Editor
ip
LAMMPS
LinuxDC++
Medit
MilkDrop
Oxwall
SailFin
Cscope
FreeCAD (A-S. Koh's)
Fityk
GSL
Google Test
KBruch
PtokaX
oole
t Extended Improved
rcirc
mpg
Serious Engine
Simple Scan
Transcode
Tsung
Verlihub
HarfBuzz
JHepWork
Sunflower
AIDA
API Sanity Checker
Agora
Amavis
Apache Airavata
Apache Avalon
Emmet
GAMESS
Shedskin
Storybook
SynEdit
TenDRA Compiler
UDisks
ULE scheduler
WikiCalc
GetSimple CMS
Admon
abaco
Active Agenda
Adhearsion
Adobe Font Development Kit for OpenType
AFNI
Antiword
Apache Drill
Template Numerical Toolkit
TinyButStrong
UPower
XDXF
Erwise
Lomboz
Ajax Animator
Anduril
Apcupsd
Suawk virtual machine
Sypex Dumper
Tsclient
X Neural Switcher
Ziproxy
ZMailer
Пульс Валют
Ambient
TkWWW
ActorFoundry
CrossBridge
Aegir Hosting System
Apache Mahout
Apache Beehive
Unladen Swallow
Webproject
YSlow
DVDStyler
Google Guava
ABI Compliance Checker
ACARM
Apache Hama
Apache Stanbol
Apache Synapse
Apache VXuery
Apache Empire-db
Tkhtml
ttyrec
AICCU
AdvanceCOMP
Aerospike database
Amsynth
Anti-Spam SMTP Proxy
Apache ODE
Apache Rampart module
Apache Hive
SimpleBurn
Slony-I
Spring Roo
TBDev
Twidge
AutoWikiBrowser
Zotonic
ADaMSoft
ALGLIB
Anusaaraka
Apache HiveMind
Apache ZooKeeper
SimpleTest
SoundConverter
SmbK
Thinstation
wxFormBuilder
Mlpy
Apache Buildr
Apache Torue
Apache Click
UMPlayer
emacs-wm
Arena
Augeas
Araucaria
ArsDigita Community System
BCX
BWPing
Babel Middleware
BeEF
BennuGD
Berkeley Automounter
Berkeley Yacc
KToon
Buildbot
CaBIG
Campcaster
Asido
Wikipedia WPCleaner
Knitr
Avimator
BEdita
BRP-PACU
Beehive Forum
Kooka
BigDFT
BleachBit
Box Backup
Buck-security
Buzztard
Byobu
CPK
CellProfiler
Celtix
Celery
Armadillo
Brian
Barracuda
Breve
Aptoide
Ardupilot
Batavi
BioRuby
Bnetd
CLHEP
CMU Pronouncing Dictionary
Carrot
CellCognition
BEAST
Cassowary
Archon
BOND
Pintos
Apprentice Video
ArpON
Asmutils
Authbind
Huggle
Bit-Twist
BitBake
BlogBridge
CTAKES
apt-file
AutoDock
Freej
BiosphereD
BrowserCMS
DBEdit
CS-BLAST
CasADi
CLAM
Basket Note Pads
Apper
Askbot
BRICKS
BatooJPA
BeebEm
Biskit
CSipSimple
Carbide.c++
Cdist
Archaeological Recording Kit
AxKit
Bcfg
Blitz++
NDoc
COPASI
AppScale
ArdorD
Astrolog
Autopsy Browser
BSDRadius
Back In Time
BIRD Internet Routing Daemon
CMU Sphinx
CVSNT
Caisis
Cambridge Brain Analysis
Cascading
CaveD
Cdb
ZXing
Checkmk
ClearHealth
Compilador Clip
Cloudvpn
Codeville
Conserver
DAP
DJGCC
Dada Mail
Dalesa
Dr. DivX
Chainsaw
Colt
Coccinelle
Descartes
Diazo
Coding Analysis Toolkit
Conference XP
Corosync
Cubesat Space Protocol
Cwm
Drakconf
DynamoRIO
Coherence
DeVeDe
Compendium
Diodon
CheetahTemplate
Chemtool
Chewing
Cloud Foundry
CodeSynthesis XSD/e
ConEmu
Cryptmount
DHCPD
DKP Log Parser
DVTk
Da Vinci Machine
Dapper ORM
DaveGrohl
Dingoo A SDK
Distributed Access Control System
Drosera
Convergence
Conch
Chebfun
Tvtime
CoinD
CruiseControl.rb
DHIS
DIET
Damon Middleware
DarwiinRemote
Debbugs
Devfsd
Drishti
ClipGrab
Collectd
ConfDesigner
Coot
CsUnit
Calendar and Contacts Server
Database Deployment Manager
PeerBlock
Digital Universe Atlas
EKA
CheShift
Cloud.com
Clozure CL
CodeSynthesis XSD
Cogito
CppCMS
Cssuery
DBG
DIALIGN-T
davfs
Drupal Commerce
Chez Scheme
Chromium Embedded Framework
Citcom
OpenClover
CnD
Cobbler (software)
Dweb
DIALIGN-TX
Demos Commander
Dryad
dvipng
Chronux
CloudSNAP
Compass Project
Coolfluid
Gufw
Darwin Streaming Server
Demetra+
Devilspie
Distributed Concurrent Versions System
Distributed Codec Engine
DnAnalytics
Drueue
E
Mallet
Fluxus
Falcon
Earth clock
EgoNet
Emios
Eureka Streams
Eyes on the Solar System
File System Visualizer
Flake
FreeON
Fsc
GENtle
Flagged Revisions
Eigen
Euler
ELOG
ERPNEXT
FEniCS Project
FlockDB
Foundation
FreeRDP
Fiji
Fuse
EXC code
G
EmuTOS
Encog
Farstream
Fcitx
FixMyStreet
Flexive
FreeFem++
FreeMED
FreeWRL
Freedup
Freeseer
GLIMPSE
Ecopath
Endeavour Software Project Management
ExifTool
FileScope
Flash proxy
Foma
FortNotes
FreePBX Distro
FreeSpace  Source Code Project
Frhed
FreeCast
Efax
EventMachine
FL Studio Mobile
FVWM-Crystal
Fedora Unified Network Controller
FreePOPs
FrontlineSMS
ESvn
EXOFS
Easyrec
Ecasound
Eclipse Buckminster
Emacs Speaks Statistics
Marionnet
FireHOL
Fyre
GADGET
GENESIS
Easy Java Simulations
EdtFTPnet
Endrov
GNU Enscript
Enthought
Experix
FFADO
FITS Liberator
FLAIM
FLWM
Fle
Frama-C
NullDC
FreeNATS
FreeGEM
FreePCB
GIO
EMILE
EXMARaLDA
EasyEclipse
Editra
Emacspeak
Epoch Javascript Calendar
Expresso Livre
fc
FEHM
FLUID
FSArchiver
Family.Show
FreePBX
GDCM
GNAVI
Griffon
Gambit
GenGIS
Genie Workbench
Gizzard
Grammatica (software)
Gremlin
Gri graphical language
Tora
HuMo-gen
Gauche
GPRename
Gitorious
Glipper
Glossword
JuantLib
GORM
Gpart
HRS Computing
Apache Droids
OpenGEM
FísicaLab
GPM
GNU Oleo
Gson
GTKWave
Gearman
Generic Eclipse Modeling System
GnoMint
GrADS
GrafX
GraphStream
HAPM
HaXml
MVEL
Hermes Project
MyBatis
HtmlUnit
Gummiboot
GODI
Globule
Gnaural
Graph-tool
Group-Office
H-Store
HAProxy
MapGuide Open Source
Hinemos
WoPeD
Gabedit
Ganeti Web Manager
Gateway Anti-Virus
Geneotree
Genomespace
Gnuplotfortran
Grapple
HMMER
BibleTime
Hgsubversion
Darkstat
Hoard memory allocator
GNOME System Tools
Ganeti
Gnomine
OpenRefine
GroupServer
Gtranslator
HH-suite
Apache Bval
Hospital OS
Hotot
GTK-server
GeneNetwork
Generate Your Projects
Generic Image Library
GenoCAD
Gensim
GeoClue
Geomajas
Gephi
GlobalSight
Kitodo
Gravit
GumTree
Apache ESME
Heurist
HxD
GPGMail
GPUTILS
GenMAPP
Gnokii
Gpsd
Grail
Grok
Gyazo
HOSxP
Hackety Hack
uickSynergy
TubeMaster
FlickrCommons
Ikarus
IRIS
Hypermail
IPBWI
IUP Portfolio
Jason
Java Analysis Studio
Javassist
Narcissus
Kodos Python Regular Expression Debugger
I-MSCP
LibASS
Invenio
Piggy Market Sueak
JuranTree
JRipples
Kmscon
Kannel
ikiwiki
IlohaMail
Nanny
Integrated Genome Browser
JLab
JOSSO
JetPAG
Jeti
Joose
INGENIAS
IP Virtual Server
ISC
ITheater
ImageVisD
Infobot
InstallJammer
Instrument Neutral Distributed Interface
Interactive Digital Photomontage
Internet Junkbuster
JFugue
UniConvertor
JavaScript InfoVis Toolkit
KRDC
KXDocker
Kloxo
IUI
Ical
IComic
SymPy
IT++
IcyOwl
Magicrescue
alculate!
Internet in a Suitcase
IpTables Rope
Islandora
JAligner
JDBCFacade
JaCoCo
TemaTres
Java-gnome
Jspx-bay
KPilot
Kamaelia
Kinetic PreProcessor
Hypertable
IA- Execution Layer
IDEA
IGSTK
ITK-SNAP
Identity Connectors
ImageVisD Mobile
InterMine
JBoss Enterprise SOA Platform
JOONE
JSwat
Java GUI for R
Journler
Kajona
Kolf
Iftop
InterViews
ItsNat
JBoss SSO
JGraph
JPC (emulador)
JPedal
JRuntime
JUpdater
PVFS
Jato VM
Jikes RVM
KBFX (KDE)
KDesktop
Knot DNS
Netty
JBoss operations network
JFin
Java Object Oriented uerying
KBounce
Jupiter JVM
Open Asset Import Library
Laika
Leo
Lis
LKB
Locker
Koneki
Leiningen
Libx
libxslt
LifeLines
LingCloud
Virastyar
LucidDB
Lumi
MagicPoint
MathCast
MatrixSSL
Memonic
Marcion
LAPACK++
LTIB
Linear Tape File System
Logical Volume Manager
MPSolve
Macaulay
Mauve
Maximum Integrated Data Acuisition System
Mahogany
Kosmo
Meadow
LCD Smartie
LIVE
LaNet-vi
LabRAD
LatencyTOP
Libzip
MDynaMix
Modflow
MP Rocket
MUMPS
MagLev
Ayuda Libros
Libvisual
Ldtp
linux test project
LispMe
MBRwizard
Macaulay
Maliit
Maetta
Kst
LEMON
LabKey Server
LedgerSMB
Liblzg
Libuantum
Suhosin
KFTPgrabber
lm_sensors
LoadUI
ltrace
Mailody
Matrix Toolkit Java
Maverick Framework
MayaVi
Komposé
LEAF Project
LTTng
PyDev
Linuxconf
MPIR
MPC
MTR (software)
MailScanner
Mapnik
Maverick.NET
MegaZeux
UltraDefrag
ktrace
Libevent
libfixmath
MASON
MIN Test Framework
Mandarax
Matita
Maxine Virtual Machine
Metamath
LAMS
LibSBML
LibLAS
Libguestfs
NavalPlan
Libtn
Linux PAM
Lintian
Mandoc
MaraDNS
Mddeep
Wikipedia Lua
link grammar
Motion
Métamorphose
Mined
mod_oai
Mpsplt
Nemiver
OSA
Object Oriented Input System
OpenBUGS
OpenCTM
OpenEV
Moai
Nix
Octopus
Modest
MonetDB
MonoTorrent
MscGen
NeDi
NetworkX
nkf
npm
Oidentd
OpenEmu
Nimbus
Most
Neuron
MiaCMS
MicroSIP
mod_mono
Monal
MySL Enterprise
MySL Archive
neon
Notational Velocity
Number Theory Library
OFono
OfflineIMAP
Oniguruma
Oozie
Ne
Mondrian
Mulgara
OJB
gSOAP
MyDLP
NClass
Nagare
Neuroph
NewGenLib
OOFEM
ORBit
MoSync
Mobicents
Modular Ocean Model
Montage Image Mosaic Software
Mysipswitch
Newt
OCILIB
OHRRPGCE
OTPW
Op Monitor
OpenBSM
OpenCaster
mod_parrot
Monitorix
Mozilla Raindrop
MuPDF
Hspell
NeOn Toolkit
NetCDF Operators
Network Caller ID
Herramienta de seguridad de red
Obnam
OneSync
OpenCards
OpenDNSSEC
OpenDJ
ODB
mod_lisp
MojoPortal
Mwrank
Netsniff-ng
Newt Syrup
Ninithi
Nthm
Ogrej
Olex
MobileNotifier
mod_openpgp
Multidimensional hierarchical toolkit
NEXT framework
Neatx
Netdisco
Ngrep
NotScripts
ORMLite
OpenEMR
musl
Mobile Robot Programming Toolkit
OTP
par
Otter
Orthanc
OpenIllusionist
OpenMRS
OpenPlaG
OpenSTA
Opticks
Oregano
PACManager
PCB
PPSSPP
Paradox
PhpLiteAdmin
Pkfix
Podofo
PolarSSL
Padre
Pig
OpenPlay
OpenSSI
OpenWire
Open Web Analytics
Open Source Physics
PHPEclipse
Palm Bible Plus
Papagayo
Papyrus
Pinax
Pluck
Potion Store
PowerTOP
OpenIDM
OpenImageIO
OpenLP
Orbada
PHP-Crawler
PIDA
Pantheios
PerlTidy
Physics Abstraction Layer
Picogen
OpenMS
OpenPipeline
OpenRAVE
Open Source Routing Machine
OpeniBoot
PARSEC
PCGen
PackJacket
Paintbrush
Perf
Phatch
PivotX
OpenKM
OpenOMR
OpenRM
OpenESB
Open Language Tools
POPFile
PUFFS
PabloDraw
Partclone
Pentadactyl
PopHealth
Orac
Openuote
OpenTelegard/
OpenWFE
PLplot
Perst
Phire CMS
Pisg
OpenMSX
OpenScientist
OpenUniverse
OpenVibe
Oracle Template Library
P-GRADE Portal
PUPS P
Perl OpenGL
Photran
Plan  from User Space
Plandora
Portsnap
Posadis
OpenGL Easy Extension library
OpenFrameworks
OpenJava
OpenL Tablets
OpenSC
OpenSIS
pdftotext
Performance Co-Pilot
PhpGrabComics
PhpSLiteAdmin
PP Foundation
Phoronix Test Suite
LibrePilot
Rel
Rietveld
Regina
Rocks
Redshift
Satellite
preload
Previous
ProActive
Pspell
Svn
Unit
ia
jackCtl
ResourceSpace
Review Board
RozoFS
Ruby Version Manager
SIMPL
SUSE Studio ImageWriter
SYDI
SapWin
SOFA
RE
Salt
uilt
Project Wonder
Python SCOOP
ROBODoc
RSS Bandit
RapidSMS
Re-mix
Rmetrics
SCST
SIP
Pstoedit
PyEphem
oca
uickFIX
Regulus Grammar Compiler
Remote Component Environment
Roxen
SIESTA
SVN Notifier
SWFObject
Princeton Application Repository for Shared-Memory Computers
Pvts
PySynth
Pycasa
Pyjs
RCA open-source application
Redo Backup and Recovery
Rlab
SISC
SPASS
Puma.NET
PyGopherd
Blade
VD
REFIt
RText
Reductio
Rtmpdump
STC
SAMtools
SVNKit
Sajax
Scheme 
PressureNET
Pyxplot
PDF
uantLib
rasdaman
Predictprotein
Preesm
Professional File System
Project Darkstar
PsychoPy
PyScripter
uantcast File System
ROSE
Rattle GUI
RealmForge Game Engine
ResKnife
Retrotranslator
Rice Video
RookChat
RubySpec
SLEPc
SOFA Statistics
SSLBridge
SWISH-E
PySol
UADPACK
psmtpd
Rich Booleans
STklos
SXEmacs
Salstat
SSL-Explorer  Edición comunitaria
Silo
Swarm
Switzerland
Sparse
Skyscraper
Sirannon
Storm
Skim
Staden Package
StatCVS
SymbolicC++
TRE
Simian
Stalin
Scilab Image Processing
Scratchbox
Scsh
ShelXle
Sipdroid
Skia Graphics Engine
SlimDX
Smartlist
Soot
SuidNT
Stani's Python Editor
StegFS
Stockade
Subtitle Edit
Subsonic
Sushi
SymTorrent
Syndie
Smail
Scriptella
Seismic Unix
SharpOS AOT
Siconos
Sigar
Simple API for Grid Applications
Simple Cloud API
Sonic Visualiser
SpamBayes
StrangeSearch
SwingLabs
THIRRA
Seamlessd
sbt
Sippy BBUA
Skanlite
Spatiotemporal Epidemiological Modeler
Spring Web Flow
Ssh
StegoShare
Stella (emulador)
SubSonic
Sweble
Swedish Open Cultural Heritage
Systrip
Taiwan Fellowship Editor
Skippy
Scythe Physics Editor
NFS-LAN
SipX
SmartCam
Spacewalk
Strawberry Perl
SyncEvolution
TCExam
Scriptish
Scrot
SdlBasic
ShiftSpace
SimFiT
Smartmontools
Sound Object (SndObj) Library
Sprog
Sueezelite
SwisTrack
TACTIC
TakaTuka
Seasar
Sector/Sphere
ShareLaTeX
Sim
SimGrid
SiteBar
Solipsis
StableUpdate
Apache Storm
Swsusp
ScientificPython
Screenlets
Seccomp
Hudson (software)
Simple Groupware
Small Device C Compiler
Spagic
Apache Spark
Spree Commerce
SrcML
Wave
Tiger
Witty
Tangerine
Tech Talk PSE
Tent
TinTin++
TooLAME
Trilinos
Trojitá
Ttcp
VTD-XML
Verinice
Vesuite
Virtual Magnifying Glass
WebFetch
Whitebox Geospatial Analysis Tools
Tulip
Theano
TilEm
Topsite Templating System
TracExplorer
TuxOnIce
VDSI
VIGRA
VIPS
Veusz
Visualization Library
Wakame-vdc
Who Is To Blame?
Waffles
TigerVNC
Tkdesk
UnixODBC
VirtuaWin
Virtualmin
Voreen
Webware for Python
WinExe
The Genomic HyperBrowser
Thinc
Transport Sample Protocol
Tweaker
UW IMAP
UT-VPN
Wikibu
Vexi
VisIt
WaveSurfer
WebConfig
Webfmt
Wikindx
Wink toolkit
Tao platform
Eclipse TPTP
TetGen
The OpenMS Proteomics Pipeline
Tntnet
Trelby
TumbleDeck
UDP-based Data Transfer Library
Utah GLX
Utopia Documents
WSO Mashup Server
TerraLib
Test  More
Thoggen
Transana
TreapDB
Trucov
UltraESB
Velvet assembler
Virtual Object System
VisD+
VisualVM
Vspeech
wmctrl
Wm
Taverna workbench
Tinyproxy
TreeLine
Ubuntu Single Sign On
Waf
Weplab
Tarantool
TnFOX
TopBT
Uswsusp
VSXu
VVCap
WYMeditor
Wammu
WarVOX
WebApp.Net
WebWM
WilmaScope
Winetricks
vttest
dosunix
TranscriberAG
Yate
Ypsilon
Yesod
Everything
Wonka VM
XNap
Xbiff
Xuheki
YARP
ZBar
Ayuda Cronologías
Maatkit
AllJoyn
Geeie
ExtFsd
ZNC
XMD
Xcos
Xebra
Xena (software)
Xito
Xzgv
yeoman
AdvanceMAME
E-UAE
EKG
Kelix
Xpress Engine
Hymn
XAD
XCHM
XDrawChem
Xcalc
XenMan
YPOPs!
Yasca
Help Guided tours
Mupen
abook
SmallSL
DGen/SDL
Zandronum
Xvnkb
WxSLite
XOS Webtop
XaAES
XtreemFS
Xynth
Yass
Zmanda Recovery Manager
DocFetcher
Prefuse
Mondrian
Setuptools
Viziuer
XBMCXbox
XFOIL
XFast
XMLNuke
Xconfig
ØM
Ωmega
fbpanel
Unix Desktop Environment
Adriane Knoppix
Netftp
Term
PukiWiki
XBT Tracker
X-Wrt
Xombrero
Xsupplicant
YAMBO code
YADIFA
YXA
ittru
The Powder Toy
Servidor de CouchBase
WxPHP
Extensible data model and format
Xx
Xindy
Xmlbeansxx
Xpra
XtratuM
YARD
Z-push
ZPA
Zgv
Flowgrind
Help CentralAuth
KDE Partition Manager
OpenSlide
MemcacheDB
WorldVistA
XCAT
Xclock
BlueBream
wxMaxima
Zypper
sl
KAKASI
KCharSelect
Lubi
MyNETS
Pochy
PsyScope
KsCD
Lhimk
GLFW
tFM
Blueman
SWAD
OpenProject
Discourse
KHexEdit
OpenPNE
Sinsy
JMusic
Metapad
Id Tech 
Gerris
Extension StructuredDiscussions
MDic
Berusky
gtk-vnc
IPOPT
pTeX
Esmska
libmng
DjView
AnkiDroid
Libdash
Upload Wizard
CMSF
FriBidi
Apache Bloodhound
Konuest
libgadu
KTuberling
Seafile
Diamond Trust of London
MAFIAAFire Redirector
CommaFeed
K- Mail
Framework Spider
KonaWiki
NaroCAD
OpenGion
TDiary
MeWa
Nette Framework
GHDL
KNetWalk
vokoscreen
MIMEDefang
Sleep Is Death
Minsky
Evilwm
FFFTP
GPSShogi
Jmax
Plumi
Segatex
Shopformer
Apache Turbine
Gikonavi
IMOD
Kontact
Nicotine+
Schedulix
Apache Commons Collections
Apache Commons IO
Joruri
KRuler
PeerTracker
maldet
Fantasdic
Textcube
UDPCast
LibreOffice Base
MonoGame
AutoKey
Wikipedia TemplateData
FoundationDB
Wiki ViewStats
Yahoo! KeyKey
KTeaTime
Icy Phoenix
Courier IMAP Server
KlamAV
Xuxen
The Bug Genie
NWChem
NetXMS
Reta Vortaro
uProxy
Trinity Desktop Environment
Commonist
Kalimat
Akka
Gatling
srm
Drush
Mosh
YunoHost
LanguageTool
Adblock
GetFEM++
DEAP
Jubatus
Apache Struts 
ProteoWizard
AMPHORA
synth
Stratosphere
Wipe
Docear
Feathercoin
Beignet
Torweb
Bitfarm-Archiv
PRISM Break
KPHP
OSCAR McMaster
mod_ssl
Hue
Bowtie
Feel++
Slicr
Transmageddon
Saenaru
Telegram
MultiOTP
Pydio
ITop
Miranda NG
OpenHAB
UCS@school
VTC CRM
Cloud Commander
GNOME Tetravex
Intel Data Plane Development Kit
ADS-AC
DSploit
Wikibase
LibreCMC
Pastèue
mod_gzip
Radeon
MontageJS
PSeInt
GreenSL
Nxt
Módulo Mapa de localización
Cloudera Impala
Apache Allura
SU
Alvex
MEclipse
Imixs-Workflow
Simulation of Urban MObility
CMDBuild
OpenBroadcaster
Accounts & SSO
SuiteCRM
Phabricator
Yet Another Duplicate File Remover
Libav
Jedox
Rainmeter
WooCommerce
Blockchain.info
Back Orifice 
APFEL
LibGDX
OpenCimetière
Rudder
Kid
The Castle Doctrine
Rime Input Method Engine
OpenConnect
Elokab
Megido (IDE)
Explorer++
Trans-Proteomic Pipeline
ALCASAR
Onion Browser
uGet
IDempiere
Alternative PHP Cache
PHPMailer
XCache
AKtoolbox
GNUnited Nations
JPOS
Módulo EnlazarTeléfono
Genode
Klavaro
LinShare
Darling
Aualung
Druid
Flying Saucer
Graphite
Percona Server for MySL
Jexus
Apache Gora
Apache Giraph
Audiveris
TWRP
Ganymede
MifosX
OptaPlanner
MoarVM
Contrail
GaiaEHR
Ginkgo CADx
Xenia
Reptile
Armitage
Apache Rave
Instlux
Massive Online Analysis
Graal
Chocolatey
Installwatch
Rocrail
Lantern
Apache Tajo
Eclipse Gemini
Tunnelblick
AntennaPod
JSBML
Nodeclipse
CloudBioLinux
PathVisio
XBlock
GNOME Screensaver
Habitica
Molekel
MonoCross
Chaplin.js
Foreman
X-HYP
Apache Marmotta
JavaTest harness
MOEA Framework
Pdfrecycle
Memoranda
FlightPath
RetroCode
Parcellite
Kaldi
BCI
Philip's Music Writer
Network UPS Tools
AutoD Community
Jblas  Linear Algebra for Java
PyGObject
Simbad robot simulator
AgrosD
HordeD
SimPy
Bibledit
Dm-cache
Go Bible
Open Siddur Project
GotoBLAS
httperf
Appserver.io
Jamroom
JHOVE
DataMelt
UDP Unicorn
Cascade Framework
KDE Frameworks
Packet Sender
Bcache
Gitit
Starling Framework
OpenCPN
Ex Falso
Embroidermodder
Taskfreak
VisTrails
MoNav
Hypre
Ilastik
Dlib
Éter/Ether
Black Market Reloaded
Parallel Colt
WildMIDI
ANGLE
Simple Desktop Display Manager
Apache Samza
NMIS
Digital Forensics Framework
Svelte
Jekyll
Veron
Mitro
Conversations
Libreswan
OpenVNet
Mobility Testbed
OpenEMIS
SnapPea
PriEsT
TerraAmazon
OpenNN
KH Coder
Thelia
Ionic
Swift
PLY
NEST
Mailpile
MindMup
Rarian
OpenH
IODBC
Liuibase
Waarp
PEBL
intrinsic Noise Analyzer
Captcp
Kdump
Numba
Justniffer
NuSMV
Raspcontrol
TokuMX
ZeroVM
Apache Vysper
dviout
Geograph
GoldBug
Kimchi
LibertyEiffel
Netlink
Ploticus
Scalatra
Tux
SystemImager
dvipdfmx
FreeLAN
Logstash
Metronome IM
MoFEM JosePH
SimpleScreenRecorder
WebScaleSL
uantum ESPRESSO
Maveryx
KGraft
Minit
Happstack
MOOSE
MySL DataController
Museolog
Neurophysiological Biomarker Toolbox
OggConvert
OpenH
PX autopilot
Robotics Toolbox for MATLAB
Sguil
OpenMDAO
SymmetricDS
HexChat
McStas
UDB
VTECRM
Fanotify
Kuali Open Library Environment
LinOTP
LINX
Mega, the Manipulation Environment for Genetic Analysis
mlpack
Nhttpd
Ntopng
Sheep Marketplace
MILEPOST GCC
Zswap
HeuristicLab
Neembuu Uploader
edbrowse
Maps.me
BlackCoin
Apache PDFBox
HeaderDoc
OrangeFS
Pycsw
Range Software
Synnefo
Reuirements Modeling Framework
Survex
ProjetOr
Privacy Badger
SoftEther VPN
Hyades
Shutter
Pylons
Anaconda
ID
Nightshade
Geneva
FreeNOS
Searx
Parsec
Kpatch
surf
Synctool
Simantics System Dynamics
Shadowsocks
Zathura
Feeds
PhraseApp
ncdu
Signal
Grams
Kontalk
BioFabric
Haiku Applications
Baïkal
Eww
Esper
Organic Groups Mailing List
libinput
React
Distributed R
Haiku Depot
Iko
MPMC
LMAX Disruptor
Sept
Haiku PackageInstaller
SourcePuller
Briar
FET
beets
FreeFileSync
Infinispan
SAMoCAD
XGo
Hackpad
Nrrd
Detekt
TVgenial
ZCAD
Apache Mesos
Apache Flume
Encryptr
Bitcoin Fog
BioTapestry
RedPhone
Crypton
Eclipse NeoSCADA
GeoMesa
Radare
ConnMan
Glbinding
CrateDB
RhodeCode
Ahmia
SD Download Manager
Libuv
PySCF
ThingSpeak
Apache Phoenix
Citra
RFkill
HHVM
WordGrinder
Yooreeka
Bitcoin Core
High-performance Integrated Virtual Environment
Webix
SIM.JS
GWorkspace
DaviX
Salut à Toi
Jigoshop
PlayCanvas
WASABI
ranger
Hyperdex
Eclipse Sirius
REFInd
RainLoop
GAzie
Virtual-C IDE
Ftrace
Red Hat Gluster Storage
Trafodion
Job Arranger for Zabbix
slmap
LunarGLASS
Lumina Desktop
Lichess
Vision

Velocity
Platypus
Utopia
Kernel Live Patching
AFL
ArangoDB
The Hub
sn
Apache Flink
XashD
FLEXPART
Glucosio
Xbps
Akeneo
GNU cpio
IntelliJ IDEA Community Edition
GNU JEL
Bottle
Stevie
Goanna
BlendWeb
ownCloud Desktop Client
Samba-TNG
uamoco
RethinkDB
Apache XML Graphics Commons
Erable
Greyt
Extensión AbsenteeLandlord
Impressive
ITerm
Attic
GNOME Font Viewer
Monero
HORTON
OpenHospital
Courage Foundation
G'MIC
READemption
HumHub
Flyway
Off-the-Record Messaging Library
TkGate
Tutanota
Wikipedia Nuke
HP
Zero Markup Language
ClearVolume
Aikuma
PhantomJS
Apache TinkerPop
GPlates
Angry IP Scanner
OpenBLAS
IntelliJ Scala plugin
UML Designer
Tidal
Firefox Focus
MIDIbox Operating System
Apache OpenWebBeans
Ddate
Freelab messenger
Integra Live
Pyspread
Fresh Memory
SSLeay
AdAway
GNU remotecontrol
GraphHopper
Blazegraph
EDI
Crosswalk Project
Weblate
Emercoin
PyMC
WOT
git-annex
Extension Create Page
Linux Deploy
TempleOS
Gperiodic
Catalanitzador
Primary Sources Tool
SL Database Studio
GNUstep Objective-C runtime
OpenLTE
Mynigma
Concerto Signage
GNU Stow
Mailvelope
PCSX-Reloaded
Iramute
Reddit Enhancement Suite
Gonk
Parsoid
GNU Autoconf Archive
AlphaBay
bsdgames
CheckUser
Extension AccountInfo
Extension AddThis
Extension AdvancedMeta
Extension AdvancedSearch
Extension CategoryWatch
Extension EmailToWiki
Extension Antispam
Extension Chrsyl
Extension Example
Extension Editcount
Extension Cargo
Extension CategoryTagSorter
Extension CharInsert
Extension ArticleToCategory
Extension Character Escapes
Extension ArticleIndex
Extension Ask
Extension CharRangeSpan
Extension AuthorComments
Extension CIAnotify
Extension Calendar-Wikivoyage
Extension AgeParse
Extension EditWarning
Extension Categorize
Extension EditImage
Extension CategorySubscriptions
Extension CategoryOnUpload
Extension AllowInternetArchiver
Approved Revs
Extensión  AbuseFilter
Extension AmazonLookup
Extension Emoticons
Extension ArticleFeedbackv
Extension ErrorHandler
Extension AJAXPoll
Extension Access Log
Extension AddPaper
Extension AddMessages
Extension Capiunto
Extension Elastica
Extension CategoryIndex
Extension Alink
Extension CentralNotice
Extension EmailDomainCheck
Extension EnableAbbrTags
Extension CheckGroup
Extension ArticlePlaceholder
Extension AccessControl
Extension Access Control Panel
Extension ActiveAbstract
Extension Admin Links
Extension Cassandra
Extension AkAPI
Extension CategoryIntersection
Extension EmailPage
Extension ArticleCreationHelp
Extension Cite
Extension ExtensionDistributor
Extension AddBodyClass
Extension Campaigns
Extension CategoryBrowser
Extension EAN
Extension EditConflict
Extension AllTimeZones
Extension CategorySortHeaders
Extension AntiSpoof
Extension AnchorHandler
Extension Challenge
Extension Answers
Extension ApiFeatureUsage
Extension AuthDrupal
Extension AuthorInfo
Extension ClipUpload
Extension ExtIdx (Extended Index)
Extension AudioPlayer
Extension CLDR
Extension Carp
Extension CategorySuggest
Extension CategoryMultisort
Extension CategoryMagicWords
Extension CategoryIndexingControl
Extension ChangeAuthor
Extension AuthorProtect
Extension CloseWikis
Extension AuthJoomla
Extension AddPersonalUrls
Extension CSS
Extension EditSimilar
Extension EditSectionClearerLink
Extension CategoryTree
Extension EduWIKI
Extension AmazonWidget
Extension ChapTimeline
Extension ArticleRatings
Extension EventLogging
Extension Auth remoteuser
Extension CiteThisPage
Extension CleanChanges
Extension Events
Extension Comments
Extension Collapsmi
Extension BatchUserRights
Extension ContactPage
Extension ConfirmEdit
Extension BOFH
Extension FancyBoxThumbs
Extension ContextMenu
Extension FixedHeaderTable
Extension Counter
Extension BreadCrumbs
Extensión ContentTranslation
Bootstrap
Extension ExtExpressionEngineAuthDB
Extension ExtensionCheck
Extension Auto Create Category Pages
Extension Facebook
Extension Back-and-Forth
Extension BedellPenDragon
Extension ConfirmAccount
Extension Contributors
Extension Blackout
Extension BoilerplateSelection
Extension CooperationStatistics
Extension CopyToClipboard
Extension DPLforum
Extension FlowdockNotify
Extension Awesomeness
Extension FLAscheme
Extension Community Twitter
Extension FeaturedFeeds
Extension ContributionsList
Extension CorrectMainPageTitle
Extension FlowchartWiki
Extension BounceHandler
Extension CurrentUsers
Extension CodeMirror
External Data
Extension ExternalRedirect
Extension Farmer
Extension CollapsibleVector
Extension BacktickCode
Extension BetaFeatures
Extension FilterListUsers
Extension FanBoxes
Extension Biblio
Extension BibTexImport
Extension BlogPage
Extension Blog
Extension BoilerRoom
Extension ExtendedSearch
Extension AutoCreatePage
Extension FileAttach
Extension Favorites
Extension BibManager
Extension BiblioPlus
Extension CreditsSource
Extension FlvHandler
Extension CustomNavBlocks
Extension CurrentPages
Extension ExcludeRandom
Extension AutoWatch
Extension Autoincrement
Extension AutoExtensionLoader
Extension AuthorReward
Extension AutoKeywords
Extension ExternalArticles
Extension EzPlan
Extension CommonsMetadata
Extension Babel
Extension Contest
Extension BlockAndNuke
Extension CopyWatchers
Extension FollowButton
Extension FlickrAPI
Extension CoAuthor
Extension CodeEditor
Extension AutoProxyBlock
Extension Azhàr Authentication
Extension BackwardsTimeTravel
Extension BlockBatch
Extension FlagPage
Extension CopperminePhotoGallery
Extension CreativeCommonsRdf
Extension BoilerPlate
Extension CookiePolicy
Extension CrossReference
Extension CodeReview
Extension ExtraNamespaces
Extension Commentbox
Extension Authors
Extension Collaboration Diagram
Extension ContactUs
Extension ConsoleOutput
Extension Contribution Credits
Extension ConvertWiki
Extension FixedImage
Extension CreateAPage
FontAwesome
CoordinateConversion
Extension CustomSidebar
Extension JsonConfig
Extension HostStats
Extension Date Formatter
Extension DebugMode
Extension GeoData
Extension IPaper
Extension DiscussionThreading
Extension DollarSign
Extension DisableAccount
GlobalCssJs
Extension Gists
Extension CustomTOCLength
Extension JavascriptSlideshow
Extension HelpCommons
Extension DataValuesCommon
Extension JIRAConnector
Extension HideNamespace
Extension Htmlmediator
Extension Description
Extension Did You Know
Extension GettingStarted
Extension Gitweb
Extension Header Tabs
Extension HarvardReferences
Extension JBTEIToolbar
Help Labeled section transclusion
Extension LDAP Authorization
Extension Bugzilla Reports
Extension BucketVoting
Extension BugzillaView
Extension JHilbert
Extension HTMLTags
Extension JobSchEd
Extension JSWikiGantt
Extension HeadScript
Extension KeepSearches
Extension HitCounters
Extension DeToc
Extension Genderize
Extension GetPageInfo
Extension HtmlWiki
Extension Diff
Extension GlobalUserGroups
Extension GlobalNotice
Extension Discuz X Single Sign-On
Extension GitPages
Extension Brainfuck
Extension JSBreadCrumbs
Extension Gadgets
Extension DeleteBatch
Extension GeoCrumbs
Extension DismissableSiteNotice
Extension LastModifiedLink
Extension LastModified
Extension FormHandler send form by Email
Extension Javascript
Extension HAWelcome
Extension DataValues
Extension HTML Tags
Extension LDAP Authentication
Extension Dependency Analyzer
Extension Data Transfer
Extension Gchartmw
Extension LastUserLogin
Extension IPAuth
Extension LanguageTool
Extension GitHubCommit
Extension Header Footer
Extension HashTables
Extension Buggy
Extension DataTypes
Extension DataTable
Extension JBZV
Extension GWToolset
Extension GeoGebra
Extension DataValuesInterfaces
Extension Dia
Extension HyperComments
Extension ImageMap
Extension GlobalBlocking
Extension DonationInterface
Extension Bugzilla
Extension HTTPFound
Extension FormatNum
Extension Jmol
Extension DataTransclusion
Extension Jpgraphmw
Extension HSTS
Extension HideCategorizedOrphans
Extension FundraisingEmailUnsubscribe
Extension HidePrefix
Extension KeyValue
Extension DeletePagesForGood
Extension HoverGallery
Extension IDisplay
Extension IAnnWidget
Extension ImageSizeInfoFunctions
Extension Link Attributes
GitHub Mediawiki Extension
Maps
Lingo
Extension GittipWidget
Extension DoubleWiki
Extension DynamicPageListEngine
Extension DynamicSidebar
Extension InterwikiMap
Extension InviteSignup
Extension InsertCategory
Extension MobileDetect
Extension MobileApp
Extension ImageRefer
Extension GlobalUserrights
Extension GoogleDocsMW
Extension LinkTarget
Extension Include WP
Extension DynamicPageList
Extension ListTransclusions
Extension LogoFunctions
Extension GoogleAnalyticsMetrics
Extension Live Translate
Extension Listings
Extension LockOnCreate
Extension IssueTracker
Extension MSSLBackCompat
Extension MappingStatus
Extension MassEditRegex
Extension MassAction
Extension MediaWikiChat
Extension MolHandler
Extension GlobalContributions
Extension DynamicPageList (Wikimedia)
Extension ImageMetrics
Extension DublinCoreRdf
Extension Interwiki
Extension LoopFunctions
Extension Luciwik
Extension Graphical Category Browser
Extension MaintenanceShell
Extension MapSources
Extension Math
Extension MatchByPrefix
Extension MiniInvite
Extension Moderation
Extension DownloadCounter
Extension Google Analytics Integration
Extension InterwikiUsage
Extension MasonryMainPage
Extension Multi-Category Search
Extension MultiBoilerplate
Extension ImagePagePrintLink
Extension LinkSuggest
Extension Drafts
Extension LiuidThreads
Extension IndexFunction
Extension LogEntry
Extension DynamicPageList (third-party)
Extension InlineCategorizer
Extension Lua
Extension GoogleNewsSitemap
Extension GoogleSiteVerification
Extension MassBlank
Extension MediaFunctions
Extension MediaWikiAuth
MagicNoCache
Extension MiniPreview
Extension LicenceOnUpload
Extension IncludeArticle
Extension Lockdown
Extension GoToShell
Extension Drawio
Extension LocalisationUpdate
Extension ImportArticles
Extension Mailgun
Extension MediawikiPlayer
Extension MessageCommons
Extension GlobalPreferences
Extension LinkFilter
Extension LinkAttributes
Extension LifeWeb
Extension Google Tag Manager
Extension MS SL Database Authentication
Extension InvadePrivacy
Extension GroupsSidebar
Extension GraphViz
Extension MWExtSpecialRealName
Extension Mantis
Extension MobileFrontend
Extension LinkTitles
Extension GoogleAppEngine
Extension LocalSRepo
Extension Loops
Extension Insider
Extension GooglePlaces
Extension InsertImage
Extension GroupManager
Extension MathSearch
Extension Memento
Extension MultiLanguageManager
Minimum Name Length
Purge
Extension MultimediaViewer
Extension PageAttachment
ParserHooks
Extension PushToWatch
Proofread Page
Extension NamespaceRelations
Extension OATHAuth
Extension PanScroll
Extension Parser Fun
Extension PhpHighlight
Extension MsUpload
Extension Mw-slidy
Extension Network Analyzer
Extension PageImages
Extension PagedTiffHandler
Extension PageTemplates
Extension PerformanceMonitor
Extension PhpTags Storage
Extension PictureGame
Extension PoolCounter
Extension Preferences
Extension PrivatePageProtection
Extension NewArticleTemplate
Extension NTLMActiveDirectory
Extension NoBogusUserpages
Extension NoTOC
Extension OpenBadges
Extension PDFEmbed
Extension PageNotice
Extension PageProtectionPlus
OAuthAuthentication
Extension ParserFunctions
Extension PhpTags
Extension PerPageLicense
Page Schemas
Extension MsLinks
Extension NSFileRepo
Extension NamespaceManager(BlueSpice)
Extension OCExtensions
Extension Numbertext
Extension ORES
Extension OpenDocument Export
Extension OpenStackManager
Extension PageInCat
Extension PageCrossReference
Extension PageBlock
Extension PagesList
Extension Pchartmw
Extension PdfHandler
Extension PhpTags Wiki
Extension MsCalendar
Extension NewSignupPage
Extension NativeSvgHandler
Extension NewsBulletins
Extension OAuth
Extension OnlineStatus
Extension ofortuna
Extension PageInfo
Extension PaginateText
Extension PhpTags Widgets
Extension PlantUML
Extension PopUpFile
Extension Popups
Extension Pluso
Extension Push
Extension MpHandler
Extension MsCatSelect
Extension MultiMaps
Extension MoveRevisions
Extension MyVariables
Extension NetworkAuth
Extension NavigationTiming
Extension Nagios
Extension News
Extension Newsletter
Extension OdbcDatabase
Extension Opauth
Extension OpenID
Extension OpenGraphMeta
Extension Patroller
Extension PdfBook
Extension Pipe Escape
Extension Phpbb Single Sign-On
Extension PopupPages
Extension PurgePage
Extension Matomo
Extension Mpdf
Extension NewUserMessage
Extension Negref
Extension NamespaceHTML
Extension PGFTikZ
Extension PSINoTocNum
Extension PageCreationNotif
Extension PatchOutput
Extension PollNY
Extension Popup
Extension ProtectSection
Extension ProtectSite
MySystemMessage
Extension uickGV
Extension RandomPages
Extension RandomSelection
Extension RecentChangesLogFilter
Extension Ref
RDFIO
Extension SNMPuery
Extension RtConfig
Extension SemanticWebBrowser
Extension SemanticMustacheFormat
Extension ShortUrlApi
Extension SimpleSecurity
Extension SpamRegex
Extensión Score
Semantic Result Formats
Extension Poll
Extension RecentActivity
Extension RigorousSearch
Extension RestrictPasswordChange
Extension Sarcasm
Extension Secure HTML
Extension SelectTag
Extension Semantic Internal Objects
Extension Semantic Watchlist
Semantic Compound ueries
Semantic ACL
Extension SiteMetrics
Extension RSS Reader
Extension RSS
Extension ReCaptcha
Extension ReplaceSet
Extension SSlideShow
Extension SNSButtonsInSidebar
Extension SemanticueryFormTool
Extension Semantic NotifyMe
Extension ShowRealUsernames
Extension ShortUrl
Semantic Comments
Extension SignWriting MediaWiki Plugin
Extension SimpleChanges
Semantic Forms Select
Semantic Social Profile
Extension PubSubHubbubSubscriber
Extension uickSurveys
Extension Realnames
Extension RemoveProtectedContent
Extensión uiz
Extension SemanticPropertyTools
Extension SemanticAccessControl
Extension Semantic Page Series
Extension ShoutBox (BlueSpice)
Semantic Breadcrumb Links
Semantic Interlanguage Links
Extension SpecialNamespaces
Extension SpamDiffTool
Extension RandomImageByCategory
Extension RandomGameUnit
Extension RelatedSites
Extension SMWEnrich
Extension SSLClientAuth
Extension SkinByUrl
Semantic Tasks
Extension uizTabulate
Extension RandomImage
Extension Replace Text
Extension SSLClientAuthentication
Extension Semantic Signup
Semantic Drilldown
Semantic Glossary
Semantic Meta Tags
Extension SiteMatrix
Extension SlimboxThumbs
Extension SpamBlacklist
Extension uizGame
Extension RawPagePacker
Extension Renameuser
Extension RawCodeFile
Extension SacredText
Extension SectionDisus
Extension SemanticueryInterface
Extension Semantic Image Input
Page Forms
Semantic Cite
Semantic Extra Special Properties
Extension Simple Breadcrumb
Extension SimpleMathJax
Extension Site Settings
Extension Special
Extension Random In Category
Extension RegexBlock
Extension RelatedArticles
Extension Script
Extension SelectCategory
Extension SecurePoll
Extension SecureSessions
Extension SemanticMailMerge
Extension SiteScout
Extension SoftwareVersion
SocialProfile
Semantic Incoming Properties
Extension SortChars
Extension SphinxSearch
Extension StalkerLog
Extension Surl
Extension TemplateSandbox
Extension Testimonials
Extension TitleBlacklist
Extension UnicodeConverter
Extension UserMerge
Extension UserGroups
Extension UserManager
Extension VoteNY
Extension Vtour
UserPageEditProtection
Extension SportsTeams
Extension Tab
Extension SyntaxHighlighterAndCodeColorizer
Extension Tabber
Extension TEITags
Extension TalkRight
Extension TeX Editor
Extension TemplateTableReloaded
Extension TimelineTable
Extension UrlShortener
Extension UserWelcome
Extension UserOptionStats
Extension UserSidebar
Extension VideoFlash
Extension VipsScaler
Extension SpecialUserScore
Extension Stick to That Language
Extension Tabs
Extension TemplateAdventures
Extension Terminator
Extension TestLanguageNameGrammar
SubPageList
Extension TreeAndMenu
Extension TranslateSvg
Extension TranslationNotifications
Extension UnifiedMapudungun
Extension UsernameWithGroupname
Extension Variables
Extension ValueView
Extension StopForumSpam
Extension SubpageSortkey
Extension SubpageWatchlist
Extension TimeZonePicker
Extension TimezoneSelector
Extension UserAdmin
Extension User Rights Email Notification
Extension WYSIWYG
Extension Stockuote
Extension Ticket Authentication
Extension TextScroller
Extension TocTree
Extension UploadLocal
Extension UploadConvert
Extension UpdateMediaWiki
Extension UserFunctions
Extension UserStatus
Extension WPMW
Extension VirtualKeyboard
Extension SubPageFunctions
Extension Survey
Extension SwiftMailer
Extension TemplateProfiler
Extension TitleKey
Extension UploadedFileHasher
Extension Update
Extension UserMagic
Extension Video
Extension WantedPagesFromNS
Extension WRLanguageLinks
Extension SocialcastOGP
Extension Solarium
Extension StaffPowers
Extension Sudo
Extension TextExtracts
Extension Translate
Extension Tweetiki
Extension UnihanTag
Validator
Extension Subpage Fun
Extension SubpageIndex
Extension SyntaxHighlight
Extension TODOListProgressBar
Extension Tasks Extension
Extension TernaryPipedLinks
Extension TimeMachine
Extension ThrottleOverride
Extension TimedMediaHandler
Extension TogetherJS
Extension TorBlock
Extension UniversalLanguageSelector
Extension UndeleteBatch
Extension ULogin
Extension UserMessageFunction
Extension Views
Title Icon
UserExport
Extension Wget Authentication
Extension WikiBhasha
Extension WikiTweet
Extension ZeroBanner
Nopcommerce
SmartDeviceLink
Fluentd
OpenRemote
Presto
Limba
Extension WikiLexicalData
Extension WikiSEO
Extension WikibaseLib
Extension Woopra
Extension Xowa
Extension YouTrackTicket
Extension Widgets
xdg-app
Harvest Templates
Hubzilla
Stack (software)
ipd
Cantata
Savane
Extension WhitelistedNamespaces
Extension WikEdDiff
Extension WikimediaEvents
Extension ZeroPortal
Apache Kylin
ORX
Extension WhoIsWatching
Extension Whitelist Regex
Extension WikiCitation
Extension WikiBanner
Extension WordpressTeaser
Extension Xcf
Extension WorkingWiki
Extension YAML
Extension YouTube
OpenMW
Porn Time
scikit-image
Advanced Simulation Library
Reuests
RESTHeart
Apache Brooklyn
RMG (program)
Fldigi
Phcms
Extension WhiteSpace
Extension WatchGroup
Extension WikiTextLoggedInOut
Extension WikiTimeLine
Extension WikiLovesMonuments
Extension Wikibase Client
Extension Wikidiff
Extension WikimediaMaintenance
Extension XmlOutput
Extension YouTubeAuthSub
Extension ImageTweaks
MXNet
Fwupd
BOSH
Extension WatchSubpages
Extension WebChat
Extension WikiFactory
Extension Wikilog
Extension WikimediaMessages
Extension Wikitrans
Extension XMLWiki
Apache Ambari
TopHat
Noosfero
KernelCare
Caveman
Extension WhiteList
Extension WhatIsMyIP
Extension Whitelist Namespaces
Extension WikiCategoryTagCloud
Extension EventBus
OpenIKED
Extension TemplateRest
Hierarchical Cluster Engine Project
JXL (API)
Bup
Extension VisualEditor (BlueSpice)
Extension WhosOnline
Extension WarnNoCategories
Extension WikiEditor
Extension WikiForum
Extension Wikibase DataModel
Extension WikidataPageBanner
Extension WindowsAzureStorage
Extension WolframCDF
Extension XGlossary
SatNOGS
Open Movie Editor
Apache SystemML
Apache Calcite
Wikibase Repository
Modern
Monaco
Taiga
Jackson
Chameleon
Standard
Apex
Nostalgia
Splash
Vector
Bouuet
Zephyr
Discourse
Timeless
Aptana Studio
DuskToDawn
Empty
Refreshed
Hugo
Apache Commons Logging
NetCDF Explorer
OpenLava
Wilma
Caddy
Apache NiFi
Meson
Extension Jsoner
Dusk
Strapping
Truglass
WPtouch
Cavendish
Node-RED
EsyN
General Mission Analysis Tool
Xi
Smart Framework PHP
TagSpaces
Catmandu
Calf Studio Gear
Nimbus
Grey Vector
MediaWikiBootstrap
Open VOGEL
BlueSky
GreyStuff
ShakePeers
Vector-DarkCSS
OpenVR
Giant Virus Finder
TomoPy
Serverless Framework
Apache Zeppelin
Dweb Framework
Goobi
Daddio
Darkvector
FirewallD
XGBoost
acl
Rocket.Chat
The DAO
FreeOTP
CIFSSRV
Foreground
DeskMessMirrored
Gamepress
GoMediaWiki
Metrolook
Etmtk
Master Password
GEANT-
Extensión Cronograma de revisiones
Otter Browser
Vue.js
Genome-wide complex trait analysis
BootStrapSkin
Cologne Blue
Erudite
Minerva Neue
Monobook
BetterCMS
Bspwm
Evercam
Tomviz
WinFF
MangoO Microfinance Management
Trufont
LimeChat
OpenLCA
Robot
Tweeki
Matrix (protocol)
Xerte
Wikidata Toolkit
JerryScript
StormCrawler
ASP.NET Core MVC
YaneuraOu
Apery
Buck
Mesuite
Thunder
RR
Rufus
Ring
Gyroscope
Boot
TVHeadend
koala
Universal Media Server
NetTransformer
Extension GoogleRichCards
Extension Checklist
Extension Avatars
Extension ExtensionInfo
Extension BreadcrumbList
Extension PageViewInfo
Extension BlueSpiceProjectFeedbackHelper
Pass
Nitro
Siege
LizardFS
bs
USBKill
SimpleBatchUpload
Extension Pickle
Extension WikibaseMediaInfo
Apache Apex
Apache Yetus
Scalasca
GMusicBrowser
PokerStove
Extension AutoSitemap
Semantic Scribunto
Extension Summary Cards
Extension EditNotify
Extension Cognate
Extension Shiny
Extension PageAccess
Extension InterWikiLinks
Extension MathLaTeX
Extension NamespaceHTMLSCRIPT
Extension PerformanceInspector
Bazel
Linux namespaces
CyberBrau
Dokan Library
PrivacyIDEA
Extension SparlCharts
Extensión MediaWikiFarm
Extension FileAnnotations
Extension FormattingHelp
oneye
Accord.NET
BuildAMation
Wagtail
Menthor Editor
Extension Ids
Project Chrono
Extension RLite
DarkVector
Extension BaseHooks
Wikiss
Open Data Plane
NetPIPE
Extension Avatar
eZ Platform
Voxe
SuperNova
Extension PinyinSort
Extension Cookiecutter-mediawiki-extension
Extension Whats Nearby
Extension SesMailer
Extension GoogleGeocode
Extension CloudStorage
Extension OpenLayers
Extension CollaborationKit
Apache Fortress
Samvera
DogTag
Extension Wikispeech
Extension NewUserActions
Extension Cognitive Process Designer
Extension FenTT
Extension ArticleInfo
Data USA
MVAPICH
DECIPHER
Cranid
MicroPython
Extension D
Hevrishut
Skin Foundation
Extension UniversalExport
Extension TemplateStyles
Extension CountThings
Eclipse Che
Bongo
Extension SearchStats
Extension UnusedRedirects
Skin Dgraph
Deeplearningj
Deeplearningj
MassMessage
OpenLB
Extension PagePopups
Extension NamespacePopups
Composr CMS
bmon
Metasfresh
PM
Extension PayPal
SVG Salamander
Material
Extension IPBAuthLogin
Extension HalloWorld
Extension XAnalytics
Caffe
Extension Genealogy
Extension WikiBanHammer
Extension Semantic MediaWiki Graph
KDE Projects
BioMart
OwnNotes
base
Mastodon
Extension ElectronPdfService
Lucida
Plasma
ManageI
Extension FlexImage
Extension EmailAuth
MediathekView
Extension JuerySnowfall
Apache Tez
MySensors
Extension GlobalContribs
Nghttp
Patchwork
Extension SectionsCount
Extension InterwikiSorting
YARA
Extension LdapGroups
Mix'n'match
LDAP Admin
AccountsService
JASP (simulador abierto)
Extension WikipediaExtracts
Kea
Extension BlueSpiceSMWConnector
Extension PageAssessments
Kaidan
Extension Semantic OLAP
Extension StlHandler
Extension Highlightjs Integration
Pombola
Extension BlueSpiceSubPageTree
Lempel-Ziv, Finite State Entropy
ArdenByteCode
ajmidid
accerciser
acpiclient
Extension OfflineExtension
Open-source ARJ archiver
Extension Athena
Extension HalloWorld NewbieLessons
Extension ZoomableImages
Extension SimpleRadiusAuth
AsteroidOS
Extension Semantic Hierarchy
Extension RenderTheFück
utebrowser
tunnel
Extension Auto-Anchor
Feh
Extension OAuth Client
Apache Singa
Extension TwoColConflict
Extension Linter
Extension MWVersionInfo
Extension LanguageCode
HFST
The ACPI Daemon v
Extension UsersWatchlist
Extension EmailuserHtml
Duniter
Extension EUV
Budgie (entorno de escritorio)
Extension LinkToArchive
XOWA
Apache Beam
Extension Dashiki
Extension BlueSpicePageVersion
Extension CreatePageUw
Collective Knowledge
Activity Log Manager
xxHash
Consul
Kleopatra
Diamond
libjpeg-turbo
NITRO
LibRaw
clsync
consul-replicate
OpenDoas
Neos
KNemo
Krfb
KFileReplace
KMouseTool
KSig
Sweeper
KBreakout
KLines
KMahjongg
Kigo
Minuet
Extension BlueSpiceMultiUpload
Blinken
KFind
KRecipes
KJumpingCube
KNights
Kollision
Kiriki
fcitx-t
Extension ImageRating
Extension ShowMe
Calamares
checksec.sh
consul-template
KAppTemplate
KUIViewer
KAudioCreator
KWave
KEuroCalc
KRemoteControl
Kapman
KReversi
KShisen
FIDO
pyzy
cli
dio
Extension BlueSpiceExtendedFilelist
Extension FileExporter
KColorChooser
KAppfinder
Kiosk Admin Tool
KFloppy
Okteta
KsirK
fcitx-mn
ALIZÉ
Jovie
Kronometer
Granatier
KPatience
ibus-table
Dioscuri
espeakup
Keybase filesystem
KHelpCenter
KPager
Kajongg
KBlackbox
KBlocks
KGoldrunner
KSpaceDuel
Input Method selection framework
libexiv
Embulk
Spacemacs
Xabber
Extension FileImporter
Artikulate
Kwlan
KSystemLog
KMag
Zanshin
KDiamond
KFourInLine
KSuares
KSudoku
Transifex Command-Line Tool
Bio-Formats Library
abrt
clustershell
KLinkStatus
KGraphViewer
KXStitch
Kmid (software)
Blogilo
KMouth
KSame
KSnakeDuel
Apache Groovy
Kubrick
Apache Any
Apache Arrow
Apache Atlas
Apache Edgent
Apache Fluo
Apache FtpServer
Apache Guacamole
Apache Helix
Apache Metron
Apache Olingo
Apache Pirk
Apache Nutch
Apache Mynewt
Apache Bigtop
Apache Woden
Apache Anakia
Apache AsterixDB
Apache Clerezza
Apache DeltaSpike
Apache DirectMemory
Apache FreeMarker
Apache Gearpump
Apache Geode
Apache Hivemall
Apache HORN
Apache JSPWiki
Apache Labs
Apache Milagro
Apache Myriad
Apache OODT
Apache AriaTosca
Apache Fineract
Apache Joshua
Apache Kerby
Apache Lens
Apache Impala
LsKat
Apache Tiles
Apache Tentacles
Apache Aurora
Apache Blur
Apache Celix
Apache Ignite
Apache Johnzon
Apache Libcloud
Apache logcxx
Apache ManifoldCF
Apache MADlib
Apache MetaModel
Apache Rat
Apache Regexp
Apache CloudStack
Apache Websh
Apache AntUnit
Apache Deltacloud
Apache River
Apache FOP
Apache Axiom
Apache Tobago
Apache Airflow
Apache Annotator
Apache Curator
Apache Eagle
Apache ECS
Apache Gobblin
Apache Griffin
Apache Gossip
Apache jclouds
Apache IvyDE
Apache Juneau
Apache Kudu
Apache OpenWhisk
Apache Polygene
Apache Ratis
Apache REEF
Apache OpenMeetings
Apache Bahir
Apache Commons BCEL
Apache Wookie
Apache ACE
Apache Chukwa
Apache CarbonData
Apache Falcon
Apache logcxx
Apache Lucy
Apache Mnemonic
Apache MRL
Apache mod_ftp
Apache MRUnit
Apache Paruet
Palapeli
Apache Texen
Apache BookKeeper
Apache DeviceMap
Apache HTrace
Apache Knox
Apache Omid
Apache Ranger
Angular
Apache RocketM
Apache Serf
Apache Tephra
Apache Commons BeanUtils
Apache Commons Discovery
Apache Commons EL
Apache Commons Jelly
Apache Commons OGNL
Apache Crunch
Apache HttpComponents Core
Apache PredictionIO
Apache Usergrid
Apache Whirr
Scholia - March 
Apache Sandesha
Apache Commons DBCP
Apache Commons HttpClient
Apache Commons JCI
Apache Commons RNG
Apache Commons Validator
Apache Xerces for Perl XML Parser
Extension PluggableSSO
Apache XMLBeans
Apache Rivet
Apache SAMOA
Apache Toree
Apache Commons Digester
Apache Commons Email
Apache Commons JXPath
Apache Commons Proxy
Apache DistributedLog
Apache HAW
Apache ORO
Apache ODF Toolkit
Apache Twill
Apache Velocity DVSL
Apache Xindice
Apache Scout
Apache Santuario
Apache Commons Compress
Apache Commons Codec
Apache Commons Configuration
Apache Commons FileUpload
Apache DataFu
Apache Directory Studio
Apache Maven Doxia
Apache Reusable Dialog Components (RDC) Taglib
Apache Unomi
Apache Rya
Apache SensSoft
Apache Sirona
Apache Spot
Apache Commons Exec
Apache Commons JEXL
Apache Commons JCS
Apache HttpComponents Client
Apache Open Climate Workbench
Apache Props Ant Library
Apache VCL
Apache Whimsy
Apache Tamaya
Apache Commons Launcher
Apache Commons Net
Apache Commons Modeler
Apache Commons Pool
Apache Commons Weaver
Apache Pony Mail
Extension WikibaseLexeme
Extension PageNameFormula
Apache Slider
Apache SSHD
Apache Steve
Apache Streams
Apache Syncope
Apache Commons Chain
Apache BatchEE
Apache Commons Functor
Apache Commons SCXML
Apache Compress Ant Library
Apache Directory Server
Apache logphp
Apache Spatial Information System
Apache uickstep
Apache Trafodion
Apache VSS Ant Library
Apache Weex
Apache XML Commons External
Flowblade
Apache SGraph
Apache Sentry
Apache Commons CLI
Apache Commons VFS
Apache Commons Development
Apache Oltu - Parent
Apache Traffic Control
Apache Velocity Tools
Apache Whisker
VicuñaUploader
Encyclopodia
Terraform
bumblebee
Wiki.js
get_flash_videos
idlastro
jreen
libftdi
libnl
libstaroffice
lit
Scylla
catch
Homer
GTK+ Scene Graph Kit
GTK+ Scene Graph Kit
crackle
dnsimple-dyndns
eid-mw
flaggie
grx
hpx
mate-themes
balde
Redux
Kopano
axel
blogc
Bidji
uantitative Discourse Analysis Package
crmsh
fcgiwrap
GromacsWrapper
guessit
hangups
kde-ln-scripts
libdvdread
libmygpo-t
libpcap
libssh
Dat
babl
Alchemy CMS
cgit
coturn
cwiid
duc
gitolite
hamster-time-tracker
iblocks
libbluray
libRocket
libssh
libvisio
aravis
atomic-install
Cassandre software
CLAN program
Home Assistant
gentoopm
icingaweb
iptraf-ng
libdvdnav
libfm
libfreehand
librevenge
libzmf
acpi_call
balde-markdown
boost-numpy
Extension IEWarn
Renjin
catkin
chrony
consolekit
cvmfs
eclean-kernel
julia
kcov
libaom
libiscsi-python
libmwaw
marrie
bedup
Emby
grive
heimdall
icnc
imv
keepassxc
lc-core
libetonyek
libilbc
libmspub
manaplus
babelfish
OpenKeychain
fann
github-pages-publish
kakoune
libpagemaker
Poncho
st
Pivot
netifrc
openocd
pithos
primus
pyxattr
ReParser
suashfs-tools
Extension NumberedHeadings
Naiad
Athena
VISPACK
Extension InlineEmoticons
MC- Emulator
waffle
Stage
neofetch
notion
opus-tools
paramiko
pkgconf
tox
suareball
xdot
Open Pet Food Facts
Extension FilterSpecialPages
Bitpit
Postgres-XC
phonon-vlc
pkgcheck
pyoembed
python-exec
racket
zimg
Hachoir
Ethereum Classic
CrackLib
Extension CustomHeader
Postgres-XL
ninja
ncmpcpp
nagios-plugins-flameeyes
neovim
no-more-secrets
raspberrypi-omxplayer
simple-mtpfs
snakeoil
zsh-completions
Extension DebateTree
SyncFS
TwistPHP
XDM
Monumental
opentmpfiles
pcmanfm-t
pelican
pulseview
xmpp
rtabmap
ruby-elf
unpaper
weston
yarn
Anbox
store
Extension InsertTemplate
Extension Whoops
nss-mdns
python-scsi
skypetab-ng
streamlink
uclibc-ng
Caffe (software)
OCRWikisource
Extension uotation
ojuery
pixz
python-linux-procfs
raspberrypi-userland
fastText
Extension EmailLogin
AMD Optimizing C/C++ Compiler
Extension PropertySuggester
Nightscout
osmobts
phonon-gstreamer
snapper
syntastic
xcb-proto
xpyb
zmpp
Extension AutoGallery
FOLIO
Librsb
Octopussy (software)
Jamovi
Wazuh
WireGuard
HO
inventaire.io server
Extension IssueTracker
Xalan C++
Mirador
Flutter
Grok
Canvas
Extension AboutBlueSpice
BitCurator
Montage
SESHAT
Mitsuba
Peek
KDEPartitionManager
Graphite
Wikipedia
Feather (file format)
SPM
Open Camera
Extension XKCD
Berusky
OptiKey
casync
Enduro/X
Extension TopBarMenuCustomizer
Gikou
Decentraleyes
Xalan Java
DAITSS
Extension SendGrid
Physically Based Rendering
polyglot
KioskAdminTool
Kst
Firefox Focus Android app
Extension PageAssignments
Extension DistributionConnector
Extension Reminder
Semantic Bundle
Firefox Focus
Service Worker
AnySoftKeyboard
X.Net Internationalization and Unicode Adaptor
Extension Info
libpciaccess
KNavalBattle
jpylyzer
Extension PhabTaskGraph
XTools
Extension MetaMaster
FlatBuffers
Extension ExportTables
Repository of Authentic Digital Objects
Extension ReadingLists
uiteRSS
Chainer
Extension SourceProtection
skaDate Dating Software
Extension EchoConnector
Guymager
wlm-maps
KWalletManager
wmcounter
Extension MassMessageEmail
Extension PageEditRestrictions
NewPipe
Extension WatchList
Extension UsageTracker
elmo
Electrum Wallet
Live OWL Documentation Environment
Extension VBSSO
KillBots
CoreDNS
Extension CreateWiki
Extension JSWikiGanttFrontEnd
eXo Platform
Dragonchain
Extension Expiry
iRODS
KCachegrind
Rocs
wlm-stats
Extension MwSSE
Normaliz
JOrgan
vimwiki
Dragonplayer
Speeduino
SPM
Go IPFS
Communecter
Extension CategoryToolbox
Extension BlueSpiceEditNotifyConnector
Extension DonateBoxInSidebar
Elements Project
Archivematica
Módulo UrlCheck
Módulo Marker
Valentina
Conifer
Basilisk
Hitori
Nibbles
Mermaid
Caribou
Verge
Swell Foop
Grilo
Robots
Cargo
Lollypop
svgcleaner
Breezy
libgweather
Ghex
gitg
EOS
Clojars
GNOME Tweaks
libdazzle
Minishift
Arc
Nootka
Klickety
Red Moon
JavaCPC
LXD
gLabels
Sapid
GNOME Klotski
Tali
leaf
Ask Wikidata
slitebrowser
mkosi
PyCBC
Grafana
GNOME Document
Extension FlickrImporter
Musicoin
Pop PHP Framework
Element
Emulation Framework
Kitodo.Presentation
Kitodo.Publication
BrickStore
libgee
GNOME Initial Setup
GNOME Help
The Talk Page
HAMMER
fd
Android Terminal Emulator
Extension ManageWiki
Kitodo.UGH
libgda
GOffice
Manticore Search
gstreamermm
libpeas
GNOME Clocks
Five or More
GNOME Mines
GNOME Tauin
Dabr
BootstrapComponents
SeamlyD
Extension Wikisource
WollMux
ICA-AtoM
resvg
Extension TimelineStats
libsoup
libchamplain
dconf-editor
Four in a row
GNOME Sudoku
Iagno
Extension VersionCompare
WhiteCoin
Gperf
Bitcoin Dark
Yarock
JSON-GLib
GnomeVideoEffects
GObjectIntrospection
Gnome Characters
GNOME Logs
Lutris
Catrobat
Extension PgnJS
Kitodo.Production
libepc
GNOME Calendar
GNOME Weather
Lights Off
TensorFlow Lite
Cardano (moneda digital)
Prometheus
Supermodel
Spectacle
mobi
Phoenix
Sia
diffoscope
Sideki
Babel
SAOImage DS
Alpine package manager
Web Curator Tool
bioSyntax
man-db
Extension MontserratFont
cwm
Katoolin
Extension MintyDocs
GNOME Recipes
Extension MagicalLinkers
Next.js
Extension Mendeley
GNU Ghostview
FeedReader
redis-py
Extension AutoCategoriseUploads
Wikisource en euskera
Extension WikiDiscover
XRandR
Libreflix
WAPT
WikibaseualityConstraints
extensión OpenRefine Wikidata
uestionAnswer
GitExtensions
Yorg
DeepOnion
ContrAlto
iw
MeshLabJS
toolforge
Extension Scopus
Extension Sanctions
OSF Preprints
Nuxt.js
Data Transfer Project
Pandoramon
Extension WikimediaBadges
VCD Imager
Extension JADE
auryo
GNOME News
Extension NoCat
PyShEx
Soaplab
SueezeNet
Extension CommonMessages
LibrePCB
Pandacoin
Extension SecureLinkFixer
AcoustID
Apache Royale
Extension NBBC BBCode
PeerTube
Extension VEForAll
Extension ListWikis
Extension BlockstackSSO
OpenML
Extension Report
Extension PrimarySources
CoreShop
CindyJS
Blob Wars  Attrition
Pi-hole
Extension Ditaa
Extension SaferHTMLTag
Wordpress Desktop
DRBD Utils
Extension FormWizard
Dezoomify
Extension ITask Tracker
Extension SecureAuth
Extension TitlesAndTargets
nomacs
Extension PHPBB/Users Integration
Minigo
Extension SplitPrivateWiki
HTMLCOIN
Extension Sync
Wikibase uality Extensions
notepad
Extension TinyMCE
Eveskin
Extension CourseEditor
Arduino IDE
Extension CreatedPagesList
Browsh
ProtonVPN
Tezos
Dynare
Firefox Nightly
Pantheon
Siegfried
Dendrite
CEL
Exercism
Rundeck
Extension TranslateWiki
Extension MatomoAnalytics
graphd
Extension SemanticDataImport
Videocommons
atool
XGo Client
Grav
Synapse
Extension LangCodeOverride
Extension WikiOutline
Extension LDAPUserInfo
Extension Inference
noson
ELK
Pcb-rnd
PipeWire
Extension EUCopyrightCampaign
ontop
Mindustry
Pellet
SoilGrids
Rclone
SimThyr
TensorFlow.js
Universal Radio Hacker
Bitwarden
Extension UILangCode
Skin EUCopyrightCampaignSkin
OpenLink Structured Data Editor
VCV Rack
Extension Semantic Organization
RACER
SANSA
Ecdat  Data Sets for   Econometrics
dot
Pattypan
Extension WSStats
Asciidoctor
goxel
cadaver
SnapArduino
PGPgram
BoringSSL
Extension GrowthExperiments
BookBrainz
HotCRP
OpenReview
WSexport
Homestyler
Dicoogle
Extension PortableInfobox
rkt
General Entity Annotation Benchmark Framework
Metabase
Pronuncify
connotati
alsangue
Extension AnonPrivacy
Taguette
SoftHSM
Spectrum
Extension LDAPAuthentication
TiDB
ReSpec
OpenTX
Extension NotesLink
dokieli
trovotutto
Deepin Desktop Environment
Timeless-DarkCSS
Android Book Reader
Synapse (software)
Extension UploadFields
Extension LdapAuth
Extension CountDownClock
Extension TemplateData
FaCT++
SATySFi
ioBroker
Extension ScryfallLinks
Openllet
Extension LDAPProvider
Extension LDAPGroups
P.js
Ecfun  Functions for Ecdat
RottenLinks
patool
StreetComplete
AsciiDoc.py
Módulo VCard
Módulo Marker utilities
HDF
Draco
Twiggy
Kee
VTD-XML
Serde
Pleroma
IxaKat (sotware)
SML-Bench
gst-plugins-good
gst-plugins-base
Lobsters
AcousticBrainz
ListenBrainz
Lofi
Vuex
XmlEdit
StructuredXmlEditor
Daxe
Extension CrawlableAllPages
Darkstar
uinn
Anisa
Chromaprint
Mapsforge
Extension NewsTicker
Syntext Serna Free XML editor
OpenEXR
Monorail
Vespucci
ShExJava
UKUI
gst-plugins-bad
AbanteCart Software
GoAccess
Rustbreak
VisiData
Extension WikibaseSchema
SegyMAT
CIGALE
Extension IncidentReporting
Mini vMac
koajs
juery.xmleditor
XML Copy Editor
Doctored.js
libdwg
Extension ExternalGuidance
imlib
DDNet
Extension WikibaseCirrusSearch
Extension WikimediaEditorTasks
CONSUL
uiche
gst-plugins-ugly
brltty
jemalloc
libseccomp
Extension GraphL
wmx
XPontus XML Editor
EditiX XML Editor
Ghidra
Tampermonkey
Tainacan
Firefox Send
Opentheso
IINA
Daty
puNES
Open Scrobbler
TinyGL
Extension CBxHandler
Echoprint
fdm
Jaxe
RosarioSIS
jnettop
Extension DLoader
Extension SparkPost
OXID eShop
glog
OpenColorIO
epos
Webrecorder Player
XNGR XML Browser
Robot Inventor to Teach Algorithms
libpipeline
Termux
PixelFed
lzo
ReadOSM
Audaspace
Semantic Approved Revs
Waarp XmlEditor
OSM ↔ Wikidata matcher
Misskey
Apache ORC
Picard Barcode Scanner
LITIengine
Hiki
Cargo
Sonic
Alexandria
GNU Diffutils
hpxx
avr-libc
Lziprecover
NailGun
pdfhtmlEX
RHash
eyeD
MenuLibre
Extension UnblockMe
JBehave
Verovio
memory-profiler
Cryptomator
liuidprompt
GIFLIB
Discover
Torsmo
Sozi
ShadowsocksR
GROBID
Httptunnel
dmidecode
xilla
solid
opusfile
GraphL Editor
Memtest+
Xournal++
AcpiTool
ShellCheck
rply
twolame
Microsoft Streetside JOSM Plugin
subssrs
micro
davd
SpeexDSP
yajl
libopusenc
libMikMod
omxplayer
Diem
lnav
libintl-perl
KShutdown
Pmw
lilURL
Trickuri
EDuke
aerc
librencode
abc-mode
Backdrop CMS
ApacheTop
Libxmi
SIBsim
ScanSSH
ligo.skymap
libYAML
libtorrent (rakshasa)
dvdauthor
fdutils
binclock
libdiscid
libcoverart
Pijul
Ostrich Riders
GWpy
KBpedia
GZDoom
Stanford Named Entity Recognizer
Kubeflow
BirdFont
ping
Lrzsz
Bpython
DFeed
Windows Terminal
libassuan
forked-daapd
Gmediaserver
Miscfiles
skipfish
Scmd
UBports Installer
libarchive
CardBook
dhex
OpenSP
Lifeograph
Supercite
Firefox Lockwise
Luigi
Plume
plank
Nightfall
Shrine
Mezzano
Ludwig
veraPDF
Sortix
Shimmie 
Mandelbulber
OutGuess
carla
OsmocomDECT
Olive
Bless
WriteFreely
Google Authenticator PAM module
Embree
dewm
Minoca OS
radiolink
photoflow
hdrmerge
samplv
Nominatim
Renew
Guppy-PE
ShapeDesigner
Janeway
München Wiki
gallery-dl
dunst
Modern Timeline
gmio
padthv
OsmoHLR
Module LinkISBN
WikiFundi
Module Languages
Locator tool
OSPRay
OsmoMSC
OsmoBSC
liuid-dsp
M.A.R.S.
Secure delete
Phalanx Chess
Scribunto
netmail
dexed
LibreHealth EHR
flameshot
Docker Compose
KDirStat
DirStat
LiveSplit
LibreHealth Toolkit
drumkv
stereophotoview
GPSTest
mediawiki
abscissa
Hydrus Network
Monsta FTP
OpenRsync
LibreHealth Radiology
synthv
hunter
xman
xinput
notmail
Akaros
preCICE
Vitam Program
LightFM
GoldenCheetah
Yet another shell
Módulo Failsafe
Módulo LinkMail
Módulo LinkSkype
Módulo Link utilities
Módulo Wikidata utilities
Módulo CountryData
Módulo CountryData/Geography
Módulo Marker utilities/in
Módulo Marker utilities/Types
Módulo Marker utilities/Groups
Módulo Marker utilities/Maki icons
Módulo CountryData/Currencies
Módulo Marker/Params
Módulo VCard/Subtypes
Módulo VCard/Params
Módulo VCard/in
Módulo VCard/Cards
Módulo Mapshape utilities
Módulo Mapshape utilities/in
Módulo Mapshape
Módulo Mapshape/Params
FreeDink
Catfish
Ion
Spek
Dionysus
Bayonne
Florence
Open Food Facts (app)
F-Droid client
Calendula
LibGRSS
Barcode
Ccdcue
Commoncpp
ccScript
Gnudkit
GNUe Forms
Avl
Aprx
Turtl
pix
GNOME Continuous
F-Droid server
ReproZip
GNU MyServer
GNU Source-highlight
GNU sauce
Garpd
Activation
DustD
rssguard
photoflare
Next browser
Simple Scrobbler
Xawd
Fontopia
Gcjwebplugin
Ggradebook
drumgizmo
libmspack
Ballandpaddle
C-Graph
DynORM
GNU FM
GNUe Common Library
Gnotepad+
Gnukart
Gnudos
Gnuprologjava
GNUe Navigator
HiPS
Dgraph
Libsecret
Hamlib
GNUe Application Server
GNU libmatheval
Gnuae
GNU Songanizer
Líonra Séimeantach na Gaeilge
sampler
foxdot
gigedit
NetCDF
codespell
Smatch
Zammad
Adonthell
ccAudio
Cfs-el
Fltdj
GNU Beacon
Fontutils
Gnu-c-manual
Gnatsweb
GaelSpell
gseuencer
IfcOpenShell
sxiv
ProxySL
Acm
Klaro! (software)
GNU Messenger
Gnusysutils
Gnu-crypto
Gnupod
Gengetopt
Gnotary
HTTPie
Aetherspace
Classpathx
GNU SL Server
Gnuskies
Gnurobots
Gnuit
GNUe Reports
Gnochive
Gneural Network
Mimikatz
RenderChan
WikiData Remote editor
libsamsung-ipc
freesmartphone.org
KUser
Traccar
libunistring
Oclock
wikibase-cli
GNU Robots
JVerein
ISO libjpeg
Not so Common Desktop Environment
Module Scroll Gallery
GNU libsigsegv
TezBox
badwolf
TerminusDB
Minetest
GNU Mes
Apache .NET Ant Library
Apache APISIX
Apache brpc
Apache Chainsaw
Apache Commons BSF
Apache Commons Daemon
Apache Community Development
Apache Crail
Apache Daffodil
Apache DataSketches
Apache DLab
Apache DolphinScheduler
Apache DRAT
Apache Doris
Apache Dubbo
Apache ECharts
Apache Flagon
Apache Fluo Recipes
Apache Fluo YARN
Apache Hudi
Apache Iceberg
Apache IoTDB
Apache Jakarta Cactus
Apache Livy
Apache Kibble
Apache Logj 
Apache Lucene Core
Apache Marvin-AI
Apache mod_perl
Apache Nemo
Apache NLPCraft
Mobilizon
Flake
Highlight
TFS
a
TPP
PIK
Lilith
Nitter
Soapbox
Dino
GN
Lemmy
Free Universal Image Format
Daedalus
CPMP-Tools
basset
Libero
Telegreat
Invidious
skim
System-D
Z Theorem Prover
lhasa
Algoneer
CUETools
Klarschiff
dte
VRay
Apache Druid
drawterm
Strimzi
ahoviewer
ensmallen
AtoM
system-config-users
Emacs-muse
Maverik
edwood
MSYS
Gitblit
Fyne
Aegis Authenticator
ID Generator
Fuuka
python-coverage
Pressbooks
NodeTube
Archifiltre
scspell
Lector
Apache NuttX
Apache PageSpeed
Apache Pinot
Apache Petri
Apache PLCX
Apache Pulsar
Apache Reusable Dialog Components Taglib
Apache SDAP
Apache ServiceComb
Apache ShardingSphere
Apache SkyWalking
Apache StreamPipes
Apache Submarine
Apache Training
Apache Teaclave
Apache TubeM
Apache Tuweni
Apache TVM
Apache Warble
Apache Xerces for C++ XML Parser
Apache Xerces for Java XML Parser
Apache XML Commons Resolver
Apache YuniKorn
sane-frontends
Clazy
Heaptrack
KDebugSettings
Kirigami Gallery
kdesrc-build
Massif-Visualizer
KDevelop PHP Support
KDevelop Python Support
KUIViewer KPart
KAlgebra Mobile
Kolor Lines
kdegraphics-mobipocket
kdegraphics-thumbnailers
KIPI Plugins
PIM Data Exporter
KIO GDrive
SieveEditor
Zeroconf Support
FFmpeg Thumbnailer
Plasma Camera
KIO AudioCD
KDE Itinerary
KTimeTracker
Muon Package Manager
Dolphin Plugins
FileStash
Samba Filesharing Plugin
Printer Configuration
Symmy
KDE Wacom tablet module
KTrip
RSI Break
KCron
Markdown Viewer KPart
Module RegionList
Apache Xalan for Java XSLT Processor
Apache Xalan for C++ XSLT Processor
bssm  Bayesian Inference of Non-Linear and Non-Gaussian State Space
BMA  Bayesian Model Averaging
CaosDB
Tawakkalna
Semantic Image Caption
ArchivesSpace
Delta Chat
GOOPS
OpenJade
Meltano
Hypercore
Module GeoData
DiscussionTools
Exercism CLI
Windows Package Manager
Iceweasel-UXP
libavif
libgav
draw.io desktop
Actix
gatsby
Click Speed Test
wlroots
Jellyfin
DOSBox Staging
Kresus
Foliate
Terminus
Falcon
Hyperdrive
Bookworm
river
Rocket
scanner
LEOS
Ruffle
libvorbis
Bombadillo
Ant Design
FlagMaker 
Module uickbar Position
Semantic UI
RxJava
ECharts
Materialize
OkHttp
inventaire.io client
etcd
Faceswap
Hexo
Traefik
WeUI
fastlane
fullPage
Detectron
OpenAL Soft
scdoc
ugrep
Semantic Wikibase
ReDoc
FusionDirectory
andOTP
Wget
Libwget
Gitweb
farmOS Client
French-KISS!
Kaitai Struct reference compiler
Suntimes
Simple Keyboard
erb
RapiD
Framadate
Módulo PageData
OpenWebStart
Moby
Gin
Network
Joplin
Philomena
Kutt
Kristall
Puppeteer
Stylus
Element
Amfora
Parcel
Bibliogram
TamTam
DuckDuckGo
DuckDuckGo
Clippy
hyper
ensembleBMA
BAS  Bayesian Variable Selection and Model Averaging using Bayesian Adaptive Sampling
MyTourbook
Microsoft Bond
Module IsIn
fzf
Bagisto
Module Unesco
Spring Boot
Wikibase Local Media
JPEG XL Reference Software
Minikube
urllib
blackduck (python package)
pdfjam
OSMCha
GitHub CLI
PRO CFW
Wagic, The Homebrew ?!
npth
RustPython
Animate.css
ArcEm
RPCEmu
Mesen-S
macintosh.js
Arculator
Skribe
Threema for Android
Threema for iOS
MicroBlocks
Tailwind CSS
You-Get
Rustfmt
Rustls
mdBook
Excelize
c-ares
ngtcp
nghttp
Mypy
Pyright
Pytype
MkDocs
RSLint
Módulo Hours
imlib
Módulo Hours/in
Tile
swc
Nushell
commonmark.js
cmark
jbigdec
Módulo VCard/ualifiers
libwebp
OrbTk
Termion
SponsorBlock
exfatprogs
PDFium
Microsoft C++ Standard Library
JSON for Modern C++
RapidJSON
simdjson
Hydrovise
Replicant's kernel_smdk_ kernel tree
Replicant's kernel_samsung_tuna tree
Replicant's kernel_samsung_espresso kernel tree
Neochat
Ruola
DeepLearningShogi
Chinachu
peco
Módulo UrlCheck/in
Módulo Link utilities/in
Vanilla Music
Alchemy
Pyre
bat
Zope
Tokio
Kibi
Mirakurun
Strawberry
Bevy
Zig
DMD
Mesen
Artichoke
Spectral
Kopi
Scribe Software
Toxygen
Bromite
ggplot
ggplot
xh
IDLE
Wikilambda
JupyterLab
dosfstools
Trust-DNS
Brunsli
JPEG Pleno Reference Software
DNS
Goodvibes
Aurora Store
uTox
Antox
gomuks
LodePNG
DOSBox-X
Losslesscut
Goobi workflow
ImageHash
Snowflake ID
nvme-cli
vorbis-tools
Kiwix library
gnome-guile
guile-gtk
ar-lib
Jirafeau
LibreLingo
Tusky
procs
icdiff
Yoroi
Mailman Core
Hyperkitty
Postorius
Mailman Web
Xorgproto
xmlto
Plausible Analytics
.NET Multi-platform App UI
ICUX
gfx-rs
uic-go
Neo
Docutils
libsolv
hwinfo
AFL++
wireguard-tools
Wikibase EDTF
NSFW Filter
ffs-tools
xfsprogs
libdnf
librepo
libcomps
Open Place Reviews
Module Phone
Module LinkISBN/in
Scan Tailor Universal
Civikmind
Spectral Editor
gprMax
lotide
UFMOD
Emulador AT
dog
delta
GAG
Wasmer
Zola
Toxic
Yew
Abricotine
Gappa
Cherrytree
Lucee
Dolt
fzy
GNU Archimedes
Reactor
FEFLOW
Lemon
NoLimits
CarSim
HELP
NCSA HTTPd
Social force model
Robcad
Hydrus
Jemris
Folding@home
ADMS
youtube-dlc
MCSim
JMathLib
Abaus
GNU Nano-Archimedes
youtube-dl
Full Motion Racing Simulator
Emergent
LITPACK
Urban Jungle
Drivotrainer
Code Aster
werc
William Whitaker's Words
HydroGeoSphere
ExtendSim
EuroPlexus
HYSPLIT
Time Warp Operating System